ARM Linker, 5.03 [Build 24] [MDK-ARM Professional]

==============================================================================

Section Cross References

    startup_stm32f303xc.o(RESET) refers to startup_stm32f303xc.o(STACK) for __initial_sp
    startup_stm32f303xc.o(RESET) refers to startup_stm32f303xc.o(.text) for Reset_Handler
    startup_stm32f303xc.o(RESET) refers to time_service.o(.text) for SysTick_Handler
    startup_stm32f303xc.o(RESET) refers to uart_handle.o(.text) for USART3_IRQHandler
    startup_stm32f303xc.o(.text) refers to system_stm32f30x_hse_12.o(.text) for SystemInit
    startup_stm32f303xc.o(.text) refers to entry.o(.ARM.Collect$$$$00000000) for __main
    system_stm32f30x_hse_12.o(.text) refers to system_stm32f30x_hse_12.o(.data) for SystemCoreClock
    bootloader_common.o(.text) refers to bootloader_common.o(.data) for y8
    bootloader_common.o(.ARM.exidx) refers to bootloader_common.o(.text) for .text
    bootloader_common.o(.ARM.exidx) refers to bootloader_common.o(.text) for .text
    bootloader_common.o(.ARM.exidx) refers to bootloader_common.o(.text) for .text
    bootloader_common.o(.ARM.exidx) refers to bootloader_common.o(.text) for .text
    bootloader_common.o(.ARM.exidx) refers to bootloader_common.o(.text) for .text
    bootloader_common.o(.ARM.exidx) refers to bootloader_common.o(.text) for .text
    bootloader_common.o(.ARM.exidx) refers to bootloader_common.o(.text) for .text
    loader.o(.text) refers to loader.o(i._ZNK15bootloader_core6Loader6StatescvNS1_4TypeEEv) for bootloader_core::Loader::States::operator bootloader_core::Loader::States::Type() const
    loader.o(.text) refers to bootloader_common.o(.text) for bootloader_core::common::charArrToInt(unsigned char*)
    loader.o(.text) refers to loader.o(i._ZN15bootloader_core6Loader6StatesC1ENS1_4TypeE) for bootloader_core::Loader::States::States(bootloader_core::Loader::States::Type)
    loader.o(.text) refers to memcpya.o(.text) for __aeabi_memcpy
    loader.o(.ARM.exidx) refers to loader.o(.text) for .text
    flasher_stm32f30x.o(.text) refers to stm32f30x_flash.o(.text) for FLASH_Unlock
    flasher_stm32f30x.o(.text) refers to memcmp.o(.text) for memcmp
    flasher_stm32f30x.o(.text) refers to umba_crc32.o(.text) for umba_crc32
    flasher_stm32f30x.o(.text) refers to stm32f30x_misc.o(.text) for NVIC_SetVectorTable
    flasher_stm32f30x.o(.text) refers to flasher_stm32f30x.o(.emb_text) for boot_jump(unsigned)
    flasher_stm32f30x.o(.ARM.exidx) refers to flasher_stm32f30x.o(.text) for .text
    main.o(.text) refers to uart_bus_message_receiver.o(.text) for uart_messages::UartBusMessageReceiver::receiveMessage(unsigned char*, unsigned char)
    main.o(.text) refers to time_service.o(.text) for TimeService::deInit()
    main.o(.text) refers to stm32f30x_rcc.o(.text) for RCC_DeInit
    main.o(.text) refers to uart_handle.o(.text) for uart::Handle::init(uart::RxPins, uart::TxPins, unsigned, GPIO_TypeDef*, unsigned short, bool, unsigned char)
    main.o(.text) refers to main.o(t._ZN4util18GetCallbackFactoryIvEENS_20FreeCallbackFactory0IT_EEPFS2_vE) for util::GetCallbackFactory<void>(T1(*)())
    main.o(.text) refers to main.o(t._ZN4util8CallbackIFvvEEC1ERKS2_) for util::Callback<void()>::Callback(const util::Callback<void()>&)
    main.o(.text) refers to main.o(t._ZN4util8CallbackIFvvEEaSERKS2_) for util::Callback<void()>::operator =(const util::Callback<void()>&)
    main.o(.text) refers to cxa_guard_acquire.o(i.__cxa_guard_acquire) for __cxa_guard_acquire
    main.o(.text) refers to main.o(t._ZN4util8CallbackIFvvEEC1Ev) for util::Callback<void()>::Callback()
    main.o(.text) refers to memseta.o(.text) for __aeabi_memclr4
    main.o(.text) refers to main.o(i._ZN8flashing17Flasher_stm32f30xC1Ehj) for flashing::Flasher_stm32f30x::Flasher_stm32f30x(unsigned char, unsigned)
    main.o(.text) refers to main.o(.data) for isConnected
    main.o(.text) refers to uart_bus_message_receiver.o(.bss) for uart_messages::uartBusMessageReceiver
    main.o(.text) refers to system_stm32f30x_hse_12.o(.data) for SystemCoreClock
    main.o(.text) refers to uart_handle.o(.bss) for uart::uart3
    main.o(.text) refers to main.o(t._ZN4util20FreeCallbackFactory0IvE4BindIXadL_Z9deInitAllvEEEENS_8CallbackIFvvEEEv) for util::FreeCallbackFactory0<void>::Bind<(&deInitAll)>()
    main.o(.text) refers to main.o(.bss) for flasher
    main.o(.text) refers to uart_bus_message_sender.o(.bss) for uart_messages::busSender
    main.o(.text) refers to main.o(t._ZN4util20FreeCallbackFactory0IvE4BindIXadL_Z11systemResetvEEEENS_8CallbackIFvvEEEv) for util::FreeCallbackFactory0<void>::Bind<(&systemReset)>()
    main.o(.text) refers to main.o(i._ZN15bootloader_core6LoaderD1Ev) for bootloader_core::Loader::~Loader()
    main.o(.text) refers to main.o(t._ZN4util20FreeCallbackFactory2IvPhhE4BindIXadL_Z13onMsgComposedS1_hEEEENS_8CallbackIFvS1_hEEEv) for util::FreeCallbackFactory2<void, unsigned char*, unsigned char>::Bind<(&onMsgComposed)>()
[...]
    lib_rtti_impl.o(.constdata__ZTVN10__cxxabiv119__pointer_type_infoE) refers to lib_rtti_impl.o(i._ZN10__cxxabiv119__pointer_type_infoD1Ev) for __cxxabiv1::__pointer_type_info::~__pointer_type_info()
    lib_rtti_impl.o(.constdata__ZTVN10__cxxabiv119__pointer_type_infoE) refers to lib_rtti_impl.o(i._ZN10__cxxabiv119__pointer_type_infoD0Ev) for __cxxabiv1::__pointer_type_info::~__pointer_type_info__deallocating()
    lib_rtti_impl.o(.constdata__ZTVN10__cxxabiv129__pointer_to_member_type_infoE) refers to lib_rtti_impl.o(.constdata__ZTIN10__cxxabiv129__pointer_to_member_type_infoE) for typeinfo for __cxxabiv1::__pointer_to_member_type_info
    lib_rtti_impl.o(.constdata__ZTVN10__cxxabiv129__pointer_to_member_type_infoE) refers to lib_rtti_impl.o(i._ZN10__cxxabiv129__pointer_to_member_type_infoD1Ev) for __cxxabiv1::__pointer_to_member_type_info::~__pointer_to_member_type_info()
    lib_rtti_impl.o(.constdata__ZTVN10__cxxabiv129__pointer_to_member_type_infoE) refers to lib_rtti_impl.o(i._ZN10__cxxabiv129__pointer_to_member_type_infoD0Ev) for __cxxabiv1::__pointer_to_member_type_info::~__pointer_to_member_type_info__deallocating()
    lib_rtti_impl.o(.constdata__ZTIN10__cxxabiv123__fundamental_type_infoE) refers to lib_rtti_impl.o(.constdata__ZTVN10__cxxabiv120__si_class_type_infoE) for vtable for __cxxabiv1::__si_class_type_info
    lib_rtti_impl.o(.constdata__ZTIN10__cxxabiv123__fundamental_type_infoE) refers to lib_rtti_impl.o(.constdata__ZTSN10__cxxabiv123__fundamental_type_infoE) for typeinfo name for __cxxabiv1::__fundamental_type_info
    lib_rtti_impl.o(.constdata__ZTIN10__cxxabiv123__fundamental_type_infoE) refers to type_info_dtor.o(.constdata__ZTISt9type_info) for typeinfo for std::type_info
    lib_rtti_impl.o(.constdata__ZTIN10__cxxabiv117__array_type_infoE) refers to lib_rtti_impl.o(.constdata__ZTVN10__cxxabiv120__si_class_type_infoE) for vtable for __cxxabiv1::__si_class_type_info
    lib_rtti_impl.o(.constdata__ZTIN10__cxxabiv117__array_type_infoE) refers to lib_rtti_impl.o(.constdata__ZTSN10__cxxabiv117__array_type_infoE) for typeinfo name for __cxxabiv1::__array_type_info
    lib_rtti_impl.o(.constdata__ZTIN10__cxxabiv117__array_type_infoE) refers to type_info_dtor.o(.constdata__ZTISt9type_info) for typeinfo for std::type_info
    lib_rtti_impl.o(.constdata__ZTIN10__cxxabiv120__function_type_infoE) refers to lib_rtti_impl.o(.constdata__ZTVN10__cxxabiv120__si_class_type_infoE) for vtable for __cxxabiv1::__si_class_type_info
    lib_rtti_impl.o(.constdata__ZTIN10__cxxabiv120__function_type_infoE) refers to lib_rtti_impl.o(.constdata__ZTSN10__cxxabiv120__function_type_infoE) for typeinfo name for __cxxabiv1::__function_type_info
    lib_rtti_impl.o(.constdata__ZTIN10__cxxabiv120__function_type_infoE) refers to type_info_dtor.o(.constdata__ZTISt9type_info) for typeinfo for std::type_info
    lib_rtti_impl.o(.constdata__ZTIN10__cxxabiv116__enum_type_infoE) refers to lib_rtti_impl.o(.constdata__ZTVN10__cxxabiv120__si_class_type_infoE) for vtable for __cxxabiv1::__si_class_type_info
    lib_rtti_impl.o(.constdata__ZTIN10__cxxabiv116__enum_type_infoE) refers to lib_rtti_impl.o(.constdata__ZTSN10__cxxabiv116__enum_type_infoE) for typeinfo name for __cxxabiv1::__enum_type_info
    lib_rtti_impl.o(.constdata__ZTIN10__cxxabiv116__enum_type_infoE) refers to type_info_dtor.o(.constdata__ZTISt9type_info) for typeinfo for std::type_info
    lib_rtti_impl.o(.constdata__ZTIN10__cxxabiv117__class_type_infoE) refers to lib_rtti_impl.o(.constdata__ZTVN10__cxxabiv120__si_class_type_infoE) for vtable for __cxxabiv1::__si_class_type_info
    lib_rtti_impl.o(.constdata__ZTIN10__cxxabiv117__class_type_infoE) refers to lib_rtti_impl.o(.constdata__ZTSN10__cxxabiv117__class_type_infoE) for typeinfo name for __cxxabiv1::__class_type_info
    lib_rtti_impl.o(.constdata__ZTIN10__cxxabiv117__class_type_infoE) refers to type_info_dtor.o(.constdata__ZTISt9type_info) for typeinfo for std::type_info
    lib_rtti_impl.o(.constdata__ZTIN10__cxxabiv120__si_class_type_infoE) refers to lib_rtti_impl.o(.constdata__ZTVN10__cxxabiv120__si_class_type_infoE) for vtable for __cxxabiv1::__si_class_type_info
    lib_rtti_impl.o(.constdata__ZTIN10__cxxabiv120__si_class_type_infoE) refers to lib_rtti_impl.o(.constdata__ZTSN10__cxxabiv120__si_class_type_infoE) for typeinfo name for __cxxabiv1::__si_class_type_info
    lib_rtti_impl.o(.constdata__ZTIN10__cxxabiv120__si_class_type_infoE) refers to lib_rtti_impl.o(.constdata__ZTIN10__cxxabiv117__class_type_infoE) for typeinfo for __cxxabiv1::__class_type_info
    lib_rtti_impl.o(.constdata__ZTIN10__cxxabiv121__vmi_class_type_infoE) refers to lib_rtti_impl.o(.constdata__ZTVN10__cxxabiv120__si_class_type_infoE) for vtable for __cxxabiv1::__si_class_type_info
    lib_rtti_impl.o(.constdata__ZTIN10__cxxabiv121__vmi_class_type_infoE) refers to lib_rtti_impl.o(.constdata__ZTSN10__cxxabiv121__vmi_class_type_infoE) for typeinfo name for __cxxabiv1::__vmi_class_type_info
    lib_rtti_impl.o(.constdata__ZTIN10__cxxabiv121__vmi_class_type_infoE) refers to lib_rtti_impl.o(.constdata__ZTIN10__cxxabiv117__class_type_infoE) for typeinfo for __cxxabiv1::__class_type_info
    lib_rtti_impl.o(.constdata__ZTIN10__cxxabiv117__pbase_type_infoE) refers to lib_rtti_impl.o(.constdata__ZTVN10__cxxabiv120__si_class_type_infoE) for vtable for __cxxabiv1::__si_class_type_info
    lib_rtti_impl.o(.constdata__ZTIN10__cxxabiv117__pbase_type_infoE) refers to lib_rtti_impl.o(.constdata__ZTSN10__cxxabiv117__pbase_type_infoE) for typeinfo name for __cxxabiv1::__pbase_type_info
    lib_rtti_impl.o(.constdata__ZTIN10__cxxabiv117__pbase_type_infoE) refers to type_info_dtor.o(.constdata__ZTISt9type_info) for typeinfo for std::type_info
    lib_rtti_impl.o(.constdata__ZTIN10__cxxabiv119__pointer_type_infoE) refers to lib_rtti_impl.o(.constdata__ZTVN10__cxxabiv120__si_class_type_infoE) for vtable for __cxxabiv1::__si_class_type_info
    lib_rtti_impl.o(.constdata__ZTIN10__cxxabiv119__pointer_type_infoE) refers to lib_rtti_impl.o(.constdata__ZTSN10__cxxabiv119__pointer_type_infoE) for typeinfo name for __cxxabiv1::__pointer_type_info
    lib_rtti_impl.o(.constdata__ZTIN10__cxxabiv119__pointer_type_infoE) refers to lib_rtti_impl.o(.constdata__ZTIN10__cxxabiv117__pbase_type_infoE) for typeinfo for __cxxabiv1::__pbase_type_info
    lib_rtti_impl.o(.constdata__ZTIN10__cxxabiv129__pointer_to_member_type_infoE) refers to lib_rtti_impl.o(.constdata__ZTVN10__cxxabiv120__si_class_type_infoE) for vtable for __cxxabiv1::__si_class_type_info
    lib_rtti_impl.o(.constdata__ZTIN10__cxxabiv129__pointer_to_member_type_infoE) refers to lib_rtti_impl.o(.constdata__ZTSN10__cxxabiv129__pointer_to_member_type_infoE) for typeinfo name for __cxxabiv1::__pointer_to_member_type_info
    lib_rtti_impl.o(.constdata__ZTIN10__cxxabiv129__pointer_to_member_type_infoE) refers to lib_rtti_impl.o(.constdata__ZTIN10__cxxabiv117__pbase_type_infoE) for typeinfo for __cxxabiv1::__pbase_type_info
    type_info_dtor.o(.constdata__ZTVSt9type_info) refers to type_info_dtor.o(.constdata__ZTISt9type_info) for typeinfo for std::type_info
    type_info_dtor.o(.constdata__ZTVSt9type_info) refers to type_info_dtor.o(i._ZNSt9type_infoD1Ev) for std::type_info::~type_info()
    type_info_dtor.o(.constdata__ZTVSt9type_info) refers to type_info_dtor.o(i._ZNSt9type_infoD0Ev) for std::type_info::~type_info__deallocating()
    type_info_dtor.o(.constdata__ZTISt9type_info) refers to lib_rtti_impl.o(.constdata__ZTVN10__cxxabiv117__class_type_infoE) for vtable for __cxxabiv1::__class_type_info
    type_info_dtor.o(.constdata__ZTISt9type_info) refers to type_info_dtor.o(.constdata__ZTSSt9type_info) for typeinfo name for std::type_info


==============================================================================

Removing Unused input sections from the image.

    Removing startup_stm32f303xc.o(HEAP), (512 bytes).
    Removing system_stm32f30x_hse_8.o(.rev16_text), (4 bytes).
    Removing system_stm32f30x_hse_8.o(.revsh_text), (4 bytes).
    Removing system_stm32f30x_hse_12.o(.rev16_text), (4 bytes).
    Removing system_stm32f30x_hse_12.o(.revsh_text), (4 bytes).
    Removing system_stm32f30x_hse_12.o(.text), (164 bytes).
    Removing bootloader_common.o(.rev16_text), (4 bytes).
    Removing bootloader_common.o(.revsh_text), (4 bytes).
    Removing bootloader_common.o(.text), (58 bytes).
    Removing bootloader_common.o(.text), (24 bytes).
    Removing bootloader_common.o(.text), (40 bytes).
    Removing bootloader_common.o(.text), (16 bytes).
    Removing bootloader_common.o(.text), (8 bytes).
    Removing bootloader_common.o(.text), (52 bytes).
    Removing bootloader_common.o(.ARM.exidx), (8 bytes).
    Removing bootloader_common.o(.ARM.exidx), (8 bytes).
    Removing bootloader_common.o(.ARM.exidx), (8 bytes).
    Removing bootloader_common.o(.ARM.exidx), (8 bytes).
    Removing bootloader_common.o(.ARM.exidx), (8 bytes).
    Removing bootloader_common.o(.ARM.exidx), (8 bytes).
    Removing bootloader_common.o(.ARM.exidx), (8 bytes).
    Removing bootloader_common.o(.data), (1 bytes).
    Removing bootloader_common_test.o(.rev16_text), (4 bytes).
    Removing bootloader_common_test.o(.revsh_text), (4 bytes).
    Removing flasher_milandr1986ve91t.o(.rev16_text), (4 bytes).
    Removing flasher_milandr1986ve91t.o(.revsh_text), (4 bytes).
    Removing flasher_stm32f103.o(.rev16_text), (4 bytes).
    Removing flasher_stm32f103.o(.revsh_text), (4 bytes).
    Removing flasher_stm32f407.o(.rev16_text), (4 bytes).
    Removing flasher_stm32f407.o(.revsh_text), (4 bytes).
    Removing loader.o(.rev16_text), (4 bytes).
    Removing loader.o(.revsh_text), (4 bytes).
    Removing loader.o(.ARM.exidx), (8 bytes).
    Removing loader_test.o(.rev16_text), (4 bytes).
    Removing loader_test.o(.revsh_text), (4 bytes).
    Removing flasher_stm32f30x.o(.rev16_text), (4 bytes).
    Removing flasher_stm32f30x.o(.revsh_text), (4 bytes).
    Removing flasher_stm32f30x.o(.ARM.exidx), (8 bytes).
    Removing main.o(.rev16_text), (4 bytes).
    Removing main.o(.revsh_text), (4 bytes).
    Removing main.o(.text), (4 bytes).
    Removing main.o(.ARM.exidx), (8 bytes).
    Removing main.o(.ARM.exidx), (8 bytes).
    Removing stm32f30x_flash.o(.rev16_text), (4 bytes).
    Removing stm32f30x_flash.o(.revsh_text), (4 bytes).
    Removing stm32f30x_flash.o(.text), (100 bytes).
    Removing stm32f30x_flash.o(.text), (112 bytes).
    Removing stm32f30x_flash.o(.text), (112 bytes).
    Removing stm32f30x_flash.o(.text), (72 bytes).
    Removing stm32f30x_flash.o(.text), (152 bytes).
    Removing stm32f30x_flash.o(.text), (36 bytes).
    Removing stm32f30x_flash.o(.text), (20 bytes).
    Removing stm32f30x_flash.o(.text), (20 bytes).
    Removing stm32f30x_flash.o(.text), (24 bytes).
    Removing stm32f30x_flash.o(.text), (148 bytes).
    Removing stm32f30x_flash.o(.text), (260 bytes).
    Removing stm32f30x_flash.o(.text), (216 bytes).
    Removing stm32f30x_flash.o(.text), (220 bytes).
    Removing stm32f30x_flash.o(.text), (172 bytes).
    Removing stm32f30x_flash.o(.text), (172 bytes).
    Removing stm32f30x_flash.o(.text), (152 bytes).
    Removing stm32f30x_flash.o(.text), (96 bytes).
    Removing stm32f30x_flash.o(.text), (156 bytes).
    Removing stm32f30x_flash.o(.text), (16 bytes).
    Removing stm32f30x_flash.o(.text), (12 bytes).
    Removing stm32f30x_flash.o(.text), (132 bytes).
    Removing stm32f30x_flash.o(.text), (112 bytes).
    Removing stm32f30x_flash.o(.text), (92 bytes).
    Removing stm32f30x_gpio.o(.rev16_text), (4 bytes).
    Removing stm32f30x_gpio.o(.revsh_text), (4 bytes).
    Removing stm32f30x_gpio.o(.text), (344 bytes).
    Removing stm32f30x_gpio.o(.text), (148 bytes).
    Removing stm32f30x_gpio.o(.text), (256 bytes).
    Removing stm32f30x_gpio.o(.text), (148 bytes).
    Removing stm32f30x_gpio.o(.text), (256 bytes).
    Removing stm32f30x_gpio.o(.text), (148 bytes).
    Removing stm32f30x_gpio.o(.text), (164 bytes).
    Removing stm32f30x_gpio.o(.text), (164 bytes).
    Removing stm32f30x_gpio.o(.text), (268 bytes).
    Removing stm32f30x_gpio.o(.text), (152 bytes).
    Removing stm32f30x_rcc.o(.rev16_text), (4 bytes).
    Removing stm32f30x_rcc.o(.revsh_text), (4 bytes).
    Removing stm32f30x_rcc.o(.text), (92 bytes).
    Removing stm32f30x_rcc.o(.text), (192 bytes).
    Removing stm32f30x_rcc.o(.text), (56 bytes).
    Removing stm32f30x_rcc.o(.text), (96 bytes).
    Removing stm32f30x_rcc.o(.text), (84 bytes).
    Removing stm32f30x_rcc.o(.text), (116 bytes).
    Removing stm32f30x_rcc.o(.text), (108 bytes).
    Removing stm32f30x_rcc.o(.text), (84 bytes).
    Removing stm32f30x_rcc.o(.text), (216 bytes).
    Removing stm32f30x_rcc.o(.text), (84 bytes).
    Removing stm32f30x_rcc.o(.text), (152 bytes).
    Removing stm32f30x_rcc.o(.text), (84 bytes).
    Removing stm32f30x_rcc.o(.text), (120 bytes).
    Removing stm32f30x_rcc.o(.text), (100 bytes).
    Removing stm32f30x_rcc.o(.text), (16 bytes).
    Removing stm32f30x_rcc.o(.text), (124 bytes).
    Removing stm32f30x_rcc.o(.text), (116 bytes).
    Removing stm32f30x_rcc.o(.text), (116 bytes).
    Removing stm32f30x_rcc.o(.text), (320 bytes).
    Removing stm32f30x_rcc.o(.text), (180 bytes).
    Removing stm32f30x_rcc.o(.text), (328 bytes).
    Removing stm32f30x_rcc.o(.text), (104 bytes).
    Removing stm32f30x_rcc.o(.text), (344 bytes).
    Removing stm32f30x_rcc.o(.text), (84 bytes).
    Removing stm32f30x_rcc.o(.text), (104 bytes).
    Removing stm32f30x_rcc.o(.text), (84 bytes).
    Removing stm32f30x_rcc.o(.text), (84 bytes).
    Removing stm32f30x_rcc.o(.text), (84 bytes).
    Removing stm32f30x_rcc.o(.text), (132 bytes).
    Removing stm32f30x_rcc.o(.text), (132 bytes).
    Removing stm32f30x_rcc.o(.text), (132 bytes).
    Removing stm32f30x_rcc.o(.text), (132 bytes).
    Removing stm32f30x_rcc.o(.text), (128 bytes).
    Removing stm32f30x_rcc.o(.text), (20 bytes).
    Removing stm32f30x_rcc.o(.text), (116 bytes).
    Removing stm32f30x_rcc.o(.text), (88 bytes).
    Removing stm32f30x_usart.o(.rev16_text), (4 bytes).
    Removing stm32f30x_usart.o(.revsh_text), (4 bytes).
    Removing stm32f30x_usart.o(.text), (252 bytes).
    Removing stm32f30x_usart.o(.text), (24 bytes).
    Removing stm32f30x_usart.o(.text), (228 bytes).
    Removing stm32f30x_usart.o(.text), (12 bytes).
    Removing stm32f30x_usart.o(.text), (164 bytes).
    Removing stm32f30x_usart.o(.text), (184 bytes).
    Removing stm32f30x_usart.o(.text), (164 bytes).
    Removing stm32f30x_usart.o(.text), (164 bytes).
    Removing stm32f30x_usart.o(.text), (164 bytes).
    Removing stm32f30x_usart.o(.text), (164 bytes).
    Removing stm32f30x_usart.o(.text), (184 bytes).
    Removing stm32f30x_usart.o(.text), (164 bytes).
    Removing stm32f30x_usart.o(.text), (164 bytes).
    Removing stm32f30x_usart.o(.text), (160 bytes).
    Removing stm32f30x_usart.o(.text), (140 bytes).
    Removing stm32f30x_usart.o(.text), (164 bytes).
    Removing stm32f30x_usart.o(.text), (168 bytes).
    Removing stm32f30x_usart.o(.text), (164 bytes).
    Removing stm32f30x_usart.o(.text), (172 bytes).
    Removing stm32f30x_usart.o(.text), (152 bytes).
    Removing stm32f30x_usart.o(.text), (132 bytes).
    Removing stm32f30x_usart.o(.text), (144 bytes).
    Removing stm32f30x_usart.o(.text), (164 bytes).
    Removing stm32f30x_usart.o(.text), (160 bytes).
    Removing stm32f30x_usart.o(.text), (160 bytes).
    Removing stm32f30x_usart.o(.text), (160 bytes).
    Removing stm32f30x_usart.o(.text), (164 bytes).
    Removing stm32f30x_usart.o(.text), (164 bytes).
    Removing stm32f30x_usart.o(.text), (120 bytes).
    Removing stm32f30x_usart.o(.text), (144 bytes).
    Removing stm32f30x_usart.o(.text), (144 bytes).
    Removing stm32f30x_usart.o(.text), (140 bytes).
    Removing stm32f30x_usart.o(.text), (124 bytes).
    Removing stm32f30x_usart.o(.text), (160 bytes).
    Removing stm32f30x_usart.o(.text), (164 bytes).
    Removing stm32f30x_usart.o(.text), (164 bytes).
    Removing stm32f30x_usart.o(.text), (160 bytes).
    Removing stm32f30x_usart.o(.text), (160 bytes).
    Removing stm32f30x_usart.o(.text), (160 bytes).
    Removing stm32f30x_usart.o(.text), (172 bytes).
    Removing stm32f30x_usart.o(.text), (152 bytes).
    Removing stm32f30x_usart.o(.text), (340 bytes).
    Removing stm32f30x_usart.o(.text), (196 bytes).
    Removing stm32f30x_usart.o(.text), (160 bytes).
    Removing stm32f30x_usart.o(.text), (272 bytes).
    Removing stm32f30x_usart.o(.text), (200 bytes).
    Removing stm32f30x_usart.o(.text), (356 bytes).
    Removing stm32f30x_usart.o(.text), (272 bytes).
    Removing stm32f30x_misc.o(.rev16_text), (4 bytes).
    Removing stm32f30x_misc.o(.revsh_text), (4 bytes).
    Removing stm32f30x_misc.o(.text), (116 bytes).
    Removing stm32f30x_misc.o(.text), (224 bytes).
    Removing stm32f30x_misc.o(.text), (128 bytes).
    Removing stm32f30x_misc.o(.text), (116 bytes).
    Removing time_service.o(.rev16_text), (4 bytes).
    Removing time_service.o(.revsh_text), (4 bytes).
    Removing time_service.o(.text), (18 bytes).
    Removing time_service.o(.text), (18 bytes).
    Removing time_service.o(.text), (28 bytes).
    Removing time_service.o(.ARM.exidx), (8 bytes).
    Removing time_service.o(.ARM.exidx), (8 bytes).
    Removing time_service.o(.ARM.exidx), (8 bytes).
    Removing time_service.o(.ARM.exidx), (8 bytes).
    Removing uart_handle.o(.rev16_text), (4 bytes).
    Removing uart_handle.o(.revsh_text), (4 bytes).
    Removing uart_handle.o(.text), (64 bytes).
    Removing uart_handle.o(.text), (62 bytes).
    Removing uart_handle.o(.ARM.exidx), (8 bytes).
    Removing uart_handle.o(.ARM.exidx), (8 bytes).
    Removing uart_handle.o(.ARM.exidx), (8 bytes).
    Removing uart_bus_message_composer.o(.rev16_text), (4 bytes).
    Removing uart_bus_message_composer.o(.revsh_text), (4 bytes).
    Removing uart_bus_message_composer.o(.text), (274 bytes).
    Removing uart_bus_message_composer.o(.ARM.exidx), (8 bytes).
    Removing uart_bus_message_composer.o(.ARM.exidx), (8 bytes).
    Removing uart_bus_message_composer.o(.constdata), (2 bytes).
    Removing uart_bus_message_composer_test.o(.rev16_text), (4 bytes).
    Removing uart_bus_message_composer_test.o(.revsh_text), (4 bytes).
    Removing uart_bus_message_receiver.o(.rev16_text), (4 bytes).
    Removing uart_bus_message_receiver.o(.revsh_text), (4 bytes).
    Removing uart_bus_message_receiver.o(.ARM.exidx), (8 bytes).
    Removing uart_bus_message_receiver_test.o(.rev16_text), (4 bytes).
    Removing uart_bus_message_receiver_test.o(.revsh_text), (4 bytes).
    Removing uart_bus_message_sender.o(.rev16_text), (4 bytes).
    Removing uart_bus_message_sender.o(.revsh_text), (4 bytes).
    Removing uart_bus_message_sender.o(.ARM.exidx), (8 bytes).
    Removing uart_bus_message_sender_test.o(.rev16_text), (4 bytes).
    Removing uart_bus_message_sender_test.o(.revsh_text), (4 bytes).
    Removing loader.o(.ARM.exidx), (8 bytes).
    Removing loader.o(.ARM.exidx), (8 bytes).
    Removing flasher_stm32f30x.o(.ARM.exidx), (8 bytes).
    Removing flasher_stm32f30x.o(.ARM.exidx), (8 bytes).
    Removing flasher_stm32f30x.o(.constdata__ZTIN8flashing17Flasher_stm32f30xE), (12 bytes).
    Removing flasher_stm32f30x.o(.constdata__ZTIN15bootloader_core8IFlasherE), (8 bytes).
    Removing flasher_stm32f30x.o(.constdata__ZTSN8flashing17Flasher_stm32f30xE), (31 bytes).
    Removing flasher_stm32f30x.o(.constdata__ZTSN15bootloader_core8IFlasherE), (29 bytes).
    Removing main.o(.ARM.exidx), (8 bytes).
    Removing main.o(.ARM.exidx), (8 bytes).
    Removing main.o(.ARM.exidx), (8 bytes).
    Removing main.o(.ARM.exidx), (8 bytes).
    Removing main.o(.ARM.exidx), (8 bytes).
    Removing main.o(.ARM.exidx), (8 bytes).
    Removing main.o(.ARM.exidx), (8 bytes).
    Removing main.o(.ARM.exidx), (8 bytes).
    Removing main.o(.ARM.exidx), (8 bytes).
    Removing main.o(.ARM.exidx), (8 bytes).
    Removing main.o(.ARM.exidx), (8 bytes).
    Removing main.o(.ARM.exidx), (8 bytes).
    Removing main.o(.ARM.exidx), (8 bytes).
    Removing main.o(.ARM.exidx), (8 bytes).
    Removing main.o(.ARM.exidx), (8 bytes).
    Removing main.o(.ARM.exidx), (8 bytes).
    Removing uart_handle.o(.ARM.exidx), (8 bytes).
    Removing uart_handle.o(.ARM.exidx), (8 bytes).
    Removing uart_handle.o(i._ZN11ISerialPort9sendInt32Ej), (18 bytes).
    Removing uart_handle.o(.ARM.exidx), (8 bytes).
    Removing uart_handle.o(i._ZN11ISerialPort8sendByteEh), (18 bytes).
    Removing uart_handle.o(.ARM.exidx), (8 bytes).
    Removing uart_handle.o(.ARM.exidx), (8 bytes).
    Removing uart_handle.o(.ARM.exidx), (8 bytes).
    Removing uart_handle.o(.ARM.exidx), (8 bytes).
    Removing uart_handle.o(.ARM.exidx), (8 bytes).
    Removing uart_handle.o(.constdata__ZTIN4uart6HandleE), (12 bytes).
    Removing uart_handle.o(.constdata__ZTI11ISerialPort), (8 bytes).
    Removing uart_handle.o(.constdata__ZTSN4uart6HandleE), (15 bytes).
    Removing uart_handle.o(.constdata__ZTS11ISerialPort), (14 bytes).
    Removing uart_bus_message_composer.o(.ARM.exidx), (8 bytes).
    Removing uart_bus_message_composer.o(i._ZN13uart_messages11rx_messages10getMsgSizeEPh), (6 bytes).
    Removing uart_bus_message_composer.o(.ARM.exidx), (8 bytes).
    Removing uart_bus_message_composer.o(i._ZN13uart_messages11rx_messages13isHeaderValidEPhh), (124 bytes).
    Removing uart_bus_message_composer.o(.ARM.exidx), (8 bytes).
    Removing uart_bus_message_composer.o(.ARM.exidx), (8 bytes).
    Removing uart_bus_message_receiver.o(.ARM.exidx), (8 bytes).
    Removing uart_bus_message_receiver.o(.ARM.exidx), (8 bytes).
    Removing uart_bus_message_sender.o(.ARM.exidx), (8 bytes).
    Removing uart_bus_message_sender.o(.ARM.exidx), (8 bytes).
    Removing uart_bus_message_sender.o(.ARM.exidx), (8 bytes).
    Removing uart_bus_message_sender.o(.ARM.exidx), (8 bytes).
    Removing uart_bus_message_sender.o(.ARM.exidx), (8 bytes).
    Removing uart_bus_message_sender.o(.constdata__ZTIN13uart_messages9BusSenderE), (12 bytes).
    Removing uart_bus_message_sender.o(.constdata__ZTIN15bootloader_core7ISenderE), (8 bytes).
    Removing uart_bus_message_sender.o(.constdata__ZTIN13uart_messages10IBusSenderE), (12 bytes).
    Removing uart_bus_message_sender.o(.constdata__ZTSN13uart_messages9BusSenderE), (28 bytes).
    Removing uart_bus_message_sender.o(.constdata__ZTSN15bootloader_core7ISenderE), (28 bytes).
    Removing uart_bus_message_sender.o(.constdata__ZTSN13uart_messages10IBusSenderE), (30 bytes).

265 unused section(s) (total 20386 bytes) removed from the image.

==============================================================================

Image Symbol Table

    Local Symbols

    Symbol Name                              Value     Ov Type        Size  Object(Section)

    ../../../edgfe/lib_src/guard.c           0x00000000   Number         0  cxa_guard_acquire.o ABSOLUTE
    ../../../edgfe/lib_src/guard.c           0x00000000   Number         0  cxa_guard_release.o ABSOLUTE
    ../../../edgfe/lib_src/pure_virt.c       0x00000000   Number         0  pure_virt.o ABSOLUTE
    ../../../edgfe/lib_src/typeinfo.c        0x00000000   Number         0  lib_rtti_impl.o ABSOLUTE
    ../../../edgfe/lib_src/typeinfo.c        0x00000000   Number         0  type_info_dtor.o ABSOLUTE
    ../clib/microlib/cpp/cpp_init.c          0x00000000   Number         0  cpp_init.o ABSOLUTE
    ../clib/microlib/cpp/cpp_init.c          0x00000000   Number         0  cpp_init.o ABSOLUTE
    ../clib/microlib/cpp/cpp_signal.c        0x00000000   Number         0  cpp_signal.o ABSOLUTE
    ../clib/microlib/init/entry.s            0x00000000   Number         0  entry10a.o ABSOLUTE
    ../clib/microlib/init/entry.s            0x00000000   Number         0  entry9b.o ABSOLUTE
    ../clib/microlib/init/entry.s            0x00000000   Number         0  entry2.o ABSOLUTE
    ../clib/microlib/init/entry.s            0x00000000   Number         0  entry7a.o ABSOLUTE
    ../clib/microlib/init/entry.s            0x00000000   Number         0  entry7b.o ABSOLUTE
    ../clib/microlib/init/entry.s            0x00000000   Number         0  entry9a.o ABSOLUTE
    ../clib/microlib/init/entry.s            0x00000000   Number         0  entry8a.o ABSOLUTE
    ../clib/microlib/init/entry.s            0x00000000   Number         0  entry10b.o ABSOLUTE
    ../clib/microlib/init/entry.s            0x00000000   Number         0  entry5.o ABSOLUTE
    ../clib/microlib/init/entry.s            0x00000000   Number         0  entry.o ABSOLUTE
    ../clib/microlib/init/entry.s            0x00000000   Number         0  entry11b.o ABSOLUTE
    ../clib/microlib/init/entry.s            0x00000000   Number         0  entry8b.o ABSOLUTE
    ../clib/microlib/init/entry.s            0x00000000   Number         0  entry11a.o ABSOLUTE
    ../clib/microlib/string/memcmp.c         0x00000000   Number         0  memcmp.o ABSOLUTE
    ../clib/microlib/string/memcpy.c         0x00000000   Number         0  memcpya.o ABSOLUTE
    ../clib/microlib/string/memcpy.c         0x00000000   Number         0  memcpyb.o ABSOLUTE
    ../clib/microlib/string/memset.c         0x00000000   Number         0  memseta.o ABSOLUTE
    dc.s                                     0x00000000   Number         0  dc.o ABSOLUTE
    handlers.s                               0x00000000   Number         0  handlers.o ABSOLUTE
    init.s                                   0x00000000   Number         0  init.o ABSOLUTE
    src\CRC\Umba_Crc\umba_crc16.c            0x00000000   Number         0  umba_crc16.o ABSOLUTE
    src\CRC\Umba_Crc\umba_crc32.c            0x00000000   Number         0  umba_crc32.o ABSOLUTE
    src\CRC\Umba_Crc\umba_crc8.c             0x00000000   Number         0  umba_crc8.o ABSOLUTE
    src\Core\Loader\Bootloading\loader.cpp   0x00000000   Number         0  loader.o ABSOLUTE
    src\Core\Loader\Bootloading\loader_test.cpp 0x00000000   Number         0  loader_test.o ABSOLUTE
    src\Core\Loader\Flashing\flasher_milandr1986VE91T.cpp 0x00000000   Number         0  flasher_milandr1986ve91t.o ABSOLUTE
    src\Core\Loader\Flashing\flasher_stm32f103.cpp 0x00000000   Number         0  flasher_stm32f103.o ABSOLUTE
    src\Core\Loader\Flashing\flasher_stm32f30x.cpp 0x00000000   Number         0  flasher_stm32f30x.o ABSOLUTE
    src\Core\Loader\Flashing\flasher_stm32f407.cpp 0x00000000   Number         0  flasher_stm32f407.o ABSOLUTE
    src\Core\Loader\bootloader_common.cpp    0x00000000   Number         0  bootloader_common.o ABSOLUTE
    src\Core\Loader\bootloader_common_test.cpp 0x00000000   Number         0  bootloader_common_test.o ABSOLUTE
    src\Core\Uart_Messages\uart_bus_message_composer.cpp 0x00000000   Number         0  uart_bus_message_composer.o ABSOLUTE
    src\Core\Uart_Messages\uart_bus_message_composer_test.cpp 0x00000000   Number         0  uart_bus_message_composer_test.o ABSOLUTE
    src\Core\Uart_Messages\uart_bus_message_receiver.cpp 0x00000000   Number         0  uart_bus_message_receiver.o ABSOLUTE
    src\Core\Uart_Messages\uart_bus_message_receiver_test.cpp 0x00000000   Number         0  uart_bus_message_receiver_test.o ABSOLUTE
    src\Core\Uart_Messages\uart_bus_message_sender.cpp 0x00000000   Number         0  uart_bus_message_sender.o ABSOLUTE
    src\Core\Uart_Messages\uart_bus_message_sender_test.cpp 0x00000000   Number         0  uart_bus_message_sender_test.o ABSOLUTE
    src\Main\main.cpp                        0x00000000   Number         0  main.o ABSOLUTE
    src\STM32F30x_StdPeriph_Driver\src\stm32f30x_flash.c 0x00000000   Number         0  stm32f30x_flash.o ABSOLUTE
    src\STM32F30x_StdPeriph_Driver\src\stm32f30x_gpio.c 0x00000000   Number         0  stm32f30x_gpio.o ABSOLUTE
    src\STM32F30x_StdPeriph_Driver\src\stm32f30x_misc.c 0x00000000   Number         0  stm32f30x_misc.o ABSOLUTE
    src\STM32F30x_StdPeriph_Driver\src\stm32f30x_rcc.c 0x00000000   Number         0  stm32f30x_rcc.o ABSOLUTE
    src\STM32F30x_StdPeriph_Driver\src\stm32f30x_usart.c 0x00000000   Number         0  stm32f30x_usart.o ABSOLUTE
    src\Startup\startup_stm32f303xc.s        0x00000000   Number         0  startup_stm32f303xc.o ABSOLUTE
    src\Startup\system_stm32f30x_HSE_12.c    0x00000000   Number         0  system_stm32f30x_hse_12.o ABSOLUTE
    src\Startup\system_stm32f30x_HSE_8.c     0x00000000   Number         0  system_stm32f30x_hse_8.o ABSOLUTE
    src\Time_Service\time_service.cpp        0x00000000   Number         0  time_service.o ABSOLUTE
    src\UART\uart_handle.cpp                 0x00000000   Number         0  uart_handle.o ABSOLUTE
    src\\Core\\Loader\\Bootloading\\loader.cpp 0x00000000   Number         0  loader.o ABSOLUTE
    src\\Core\\Loader\\Bootloading\\loader_test.cpp 0x00000000   Number         0  loader_test.o ABSOLUTE
    src\\Core\\Loader\\Flashing\\flasher_milandr1986VE91T.cpp 0x00000000   Number         0  flasher_milandr1986ve91t.o ABSOLUTE
    src\\Core\\Loader\\Flashing\\flasher_stm32f103.cpp 0x00000000   Number         0  flasher_stm32f103.o ABSOLUTE
    src\\Core\\Loader\\Flashing\\flasher_stm32f30x.cpp 0x00000000   Number         0  flasher_stm32f30x.o ABSOLUTE
    src\\Core\\Loader\\Flashing\\flasher_stm32f407.cpp 0x00000000   Number         0  flasher_stm32f407.o ABSOLUTE
    src\\Core\\Loader\\bootloader_common.cpp 0x00000000   Number         0  bootloader_common.o ABSOLUTE
    src\\Core\\Loader\\bootloader_common_test.cpp 0x00000000   Number         0  bootloader_common_test.o ABSOLUTE
    src\\Core\\Uart_Messages\\uart_bus_message_composer.cpp 0x00000000   Number         0  uart_bus_message_composer.o ABSOLUTE
    src\\Core\\Uart_Messages\\uart_bus_message_composer_test.cpp 0x00000000   Number         0  uart_bus_message_composer_test.o ABSOLUTE
    src\\Core\\Uart_Messages\\uart_bus_message_receiver.cpp 0x00000000   Number         0  uart_bus_message_receiver.o ABSOLUTE
    src\\Core\\Uart_Messages\\uart_bus_message_receiver_test.cpp 0x00000000   Number         0  uart_bus_message_receiver_test.o ABSOLUTE
    src\\Core\\Uart_Messages\\uart_bus_message_sender.cpp 0x00000000   Number         0  uart_bus_message_sender.o ABSOLUTE
    src\\Core\\Uart_Messages\\uart_bus_message_sender_test.cpp 0x00000000   Number         0  uart_bus_message_sender_test.o ABSOLUTE
    src\\Main\\main.cpp                      0x00000000   Number         0  main.o ABSOLUTE
    src\\STM32F30x_StdPeriph_Driver\\src\\stm32f30x_flash.c 0x00000000   Number         0  stm32f30x_flash.o ABSOLUTE
    src\\STM32F30x_StdPeriph_Driver\\src\\stm32f30x_gpio.c 0x00000000   Number         0  stm32f30x_gpio.o ABSOLUTE
    src\\STM32F30x_StdPeriph_Driver\\src\\stm32f30x_misc.c 0x00000000   Number         0  stm32f30x_misc.o ABSOLUTE
    src\\STM32F30x_StdPeriph_Driver\\src\\stm32f30x_rcc.c 0x00000000   Number         0  stm32f30x_rcc.o ABSOLUTE
    src\\STM32F30x_StdPeriph_Driver\\src\\stm32f30x_usart.c 0x00000000   Number         0  stm32f30x_usart.o ABSOLUTE
    src\\Startup\\system_stm32f30x_HSE_12.c  0x00000000   Number         0  system_stm32f30x_hse_12.o ABSOLUTE
    src\\Startup\\system_stm32f30x_HSE_8.c   0x00000000   Number         0  system_stm32f30x_hse_8.o ABSOLUTE
    src\\Time_Service\\time_service.cpp      0x00000000   Number         0  time_service.o ABSOLUTE
    src\\UART\\uart_handle.cpp               0x00000000   Number         0  uart_handle.o ABSOLUTE
    RESET                                    0x08000000   Section      392  startup_stm32f303xc.o(RESET)
    .ARM.Collect$$$$00000000                 0x08000188   Section        0  entry.o(.ARM.Collect$$$$00000000)
    .ARM.Collect$$$$00000001                 0x08000188   Section        4  entry2.o(.ARM.Collect$$$$00000001)
    .ARM.Collect$$$$00000004                 0x0800018c   Section        4  entry5.o(.ARM.Collect$$$$00000004)
    .ARM.Collect$$$$00000008                 0x08000190   Section        0  entry7b.o(.ARM.Collect$$$$00000008)
    .ARM.Collect$$$$00000009                 0x08000190   Section        4  entry8a.o(.ARM.Collect$$$$00000009)
    .ARM.Collect$$$$0000000A                 0x08000194   Section        0  entry8b.o(.ARM.Collect$$$$0000000A)
    .ARM.Collect$$$$0000000B                 0x08000194   Section        8  entry9a.o(.ARM.Collect$$$$0000000B)
    .ARM.Collect$$$$0000000D                 0x0800019c   Section        0  entry10a.o(.ARM.Collect$$$$0000000D)
    .ARM.Collect$$$$0000000F                 0x0800019c   Section        0  entry11a.o(.ARM.Collect$$$$0000000F)
    .ARM.Collect$$$$00002712                 0x0800019c   Section        4  entry2.o(.ARM.Collect$$$$00002712)
    __lit__00000000                          0x0800019c   Data           4  entry2.o(.ARM.Collect$$$$00002712)
    .emb_text                                0x080001a0   Section        8  flasher_stm32f30x.o(.emb_text)
    $v0                                      0x080001a0   Number         0  flasher_stm32f30x.o(.emb_text)
    .text                                    0x080001a8   Section       36  startup_stm32f303xc.o(.text)
    $v0                                      0x080001a8   Number         0  startup_stm32f303xc.o(.text)
    .text                                    0x080001cc   Section        0  system_stm32f30x_hse_12.o(.text)
    SetSysClock                              0x080001cd   Thumb Code   228  system_stm32f30x_hse_12.o(.text)
    .text                                    0x0800032c   Section        0  bootloader_common.o(.text)
    .text                                    0x08000348   Section        0  loader.o(.text)
    .text                                    0x0800073e   Section        0  flasher_stm32f30x.o(.text)
    .text                                    0x0800099a   Section        0  umba_crc8.o(.text)
    .text                                    0x080009d4   Section        0  umba_crc32.o(.text)
    .text                                    0x08000a38   Section        0  umba_crc16.o(.text)
    .text                                    0x08000a78   Section        0  main.o(.text)
    __sti___8_main_cpp                       0x08000d1d   Thumb Code    26  main.o(.text)
    NVIC_DisableIRQ(IRQn)                    0x08000d37   Thumb Code    18  main.o(.text)
    .text                                    0x08000db4   Section        0  stm32f30x_flash.o(.text)
    .text                                    0x08000f54   Section        0  stm32f30x_gpio.o(.text)
    .text                                    0x08001220   Section        0  stm32f30x_rcc.o(.text)
    .text                                    0x080018a0   Section        0  stm32f30x_usart.o(.text)
    .text                                    0x08001a98   Section        0  stm32f30x_misc.o(.text)
    .text                                    0x08001b14   Section        0  time_service.o(.text)
    .text                                    0x08001b98   Section        0  uart_handle.o(.text)
    __sti___15_uart_handle_cpp               0x08002411   Thumb Code    10  uart_handle.o(.text)
    __get_PRIMASK()                          0x0800241b   Thumb Code     6  uart_handle.o(.text)
    .text                                    0x08002424   Section        0  uart_bus_message_composer.o(.text)
    __sti___29_uart_bus_message_composer_cpp 0x08002425   Thumb Code    50  uart_bus_message_composer.o(.text)
    .text                                    0x08002464   Section        0  uart_bus_message_receiver.o(.text)
    __sti___29_uart_bus_message_receiver_cpp 0x08002513   Thumb Code    36  uart_bus_message_receiver.o(.text)
    .text                                    0x08002544   Section        0  uart_bus_message_sender.o(.text)
    __sti___27_uart_bus_message_sender_cpp   0x0800260f   Thumb Code    46  uart_bus_message_sender.o(.text)
    .text                                    0x0800264c   Section        0  memcpya.o(.text)
    .text                                    0x08002670   Section        0  memseta.o(.text)
    .text                                    0x08002694   Section        0  memcmp.o(.text)
    .text                                    0x080026b0   Section        0  cpp_init.o(.text)
    .text                                    0x080026d0   Section        0  cpp_signal.o(.text)
    .text                                    0x080026d4   Section       36  init.o(.text)
    i._Z9gpioToRccP12GPIO_TypeDef            0x080026f8   Section        0  uart_handle.o(i._Z9gpioToRccP12GPIO_TypeDef)
    i._ZN13uart_messages11tx_messages10getMsgSizeEPh 0x08002778   Section        0  uart_bus_message_sender.o(i._ZN13uart_messages11tx_messages10getMsgSizeEPh)
    i._ZN13uart_messages11tx_messages7wrapMsgEPhhh 0x08002780   Section        0  uart_bus_message_sender.o(i._ZN13uart_messages11tx_messages7wrapMsgEPhhh)
    i._ZN13uart_messages22UartBusMessageComposer6StatesC1ENS1_4TypeE 0x080027dc   Section        0  uart_bus_message_composer.o(i._ZN13uart_messages22UartBusMessageComposer6StatesC1ENS1_4TypeE)
    i._ZN13uart_messages22UartBusMessageComposerD1Ev 0x080027e0   Section        0  uart_bus_message_composer.o(i._ZN13uart_messages22UartBusMessageComposerD1Ev)
    i._ZN13uart_messages22UartBusMessageReceiverD1Ev 0x080027e4   Section        0  uart_bus_message_receiver.o(i._ZN13uart_messages22UartBusMessageReceiverD1Ev)
    i._ZN13uart_messages9BusSender17setAnsweringStateEb 0x080027ec   Section        0  uart_bus_message_sender.o(i._ZN13uart_messages9BusSender17setAnsweringStateEb)
    i._ZN13uart_messages9BusSender22setCurrentMessageCountEh 0x080027f2   Section        0  uart_bus_message_sender.o(i._ZN13uart_messages9BusSender22setCurrentMessageCountEh)
    i._ZN15bootloader_core6Loader6StatesC1ENS1_4TypeE 0x080027f8   Section        0  loader.o(i._ZN15bootloader_core6Loader6StatesC1ENS1_4TypeE)
    i._ZN15bootloader_core6LoaderD1Ev        0x080027fc   Section        0  main.o(i._ZN15bootloader_core6LoaderD1Ev)
    i._ZN4uart6Handle12UartSettingsC1Ev      0x08002808   Section        0  uart_handle.o(i._ZN4uart6Handle12UartSettingsC1Ev)
    i._ZN8flashing17Flasher_stm32f30xC1Ehj   0x08002860   Section        0  main.o(i._ZN8flashing17Flasher_stm32f30xC1Ehj)
    i._ZN8flashing17Flasher_stm32f30xD1Ev    0x080028a8   Section        0  main.o(i._ZN8flashing17Flasher_stm32f30xD1Ev)
    i._ZNK13uart_messages9BusSender22getCurrentMessageCountEv 0x080028bc   Section        0  uart_bus_message_sender.o(i._ZNK13uart_messages9BusSender22getCurrentMessageCountEv)
    i._ZNK15bootloader_core6Loader6StatescvNS1_4TypeEEv 0x080028c4   Section        0  loader.o(i._ZNK15bootloader_core6Loader6StatescvNS1_4TypeEEv)
    i._ZNK4uart6RxPinscvNS0_4TypeEEv         0x080028ca   Section        0  uart_handle.o(i._ZNK4uart6RxPinscvNS0_4TypeEEv)
    i._ZNK4uart6TxPinscvNS0_4TypeEEv         0x080028d0   Section        0  uart_handle.o(i._ZNK4uart6TxPinscvNS0_4TypeEEv)
    i._ZNK8flashing17Flasher_stm32f30x19getFreeFlashAddrMinEv 0x080028d6   Section        0  flasher_stm32f30x.o(i._ZNK8flashing17Flasher_stm32f30x19getFreeFlashAddrMinEv)
    i._ZNK8flashing17Flasher_stm32f30x23getFreeFlashSizeInBytesEv 0x080028dc   Section        0  flasher_stm32f30x.o(i._ZNK8flashing17Flasher_stm32f30x23getFreeFlashSizeInBytesEv)
    i.__cxa_guard_acquire                    0x080028e6   Section        0  cxa_guard_acquire.o(i.__cxa_guard_acquire)
    i.__cxa_pure_virtual                     0x080028f6   Section        0  pure_virt.o(i.__cxa_pure_virtual)
    i.__scatterload_copy                     0x080028fc   Section       14  handlers.o(i.__scatterload_copy)
    i.__scatterload_null                     0x0800290a   Section        2  handlers.o(i.__scatterload_null)
    i.__scatterload_zeroinit                 0x0800290c   Section       14  handlers.o(i.__scatterload_zeroinit)
    t._ZN4util18GetCallbackFactoryIvEENS_20FreeCallbackFactory0IT_EEPFS2_vE 0x0800291a   Section        0  main.o(t._ZN4util18GetCallbackFactoryIvEENS_20FreeCallbackFactory0IT_EEPFS2_vE)
    t._ZN4util20FreeCallbackFactory0IvE4BindIXadL_Z11systemResetvEEEENS_8CallbackIFvvEEEv 0x0800291c   Section        0  main.o(t._ZN4util20FreeCallbackFactory0IvE4BindIXadL_Z11systemResetvEEEENS_8CallbackIFvvEEEv)
    t._ZN4util20FreeCallbackFactory0IvE4BindIXadL_Z9deInitAllvEEEENS_8CallbackIFvvEEEv 0x08002934   Section        0  main.o(t._ZN4util20FreeCallbackFactory0IvE4BindIXadL_Z9deInitAllvEEEENS_8CallbackIFvvEEEv)
    t._ZN4util20FreeCallbackFactory0IvE7WrapperIXadL_Z11systemResetvEEEEvPKv 0x0800294c   Section        0  main.o(t._ZN4util20FreeCallbackFactory0IvE7WrapperIXadL_Z11systemResetvEEEEvPKv)
    t._ZN4util20FreeCallbackFactory0IvE7WrapperIXadL_Z9deInitAllvEEEEvPKv 0x08002950   Section        0  main.o(t._ZN4util20FreeCallbackFactory0IvE7WrapperIXadL_Z9deInitAllvEEEEvPKv)
    t._ZN4util20FreeCallbackFactory2IvPhhE4BindIXadL_Z13onMsgComposedS1_hEEEENS_8CallbackIFvS1_hEEEv 0x0800295c   Section        0  main.o(t._ZN4util20FreeCallbackFactory2IvPhhE4BindIXadL_Z13onMsgComposedS1_hEEEENS_8CallbackIFvS1_hEEEv)
    t._ZN4util20FreeCallbackFactory2IvPhhE7WrapperIXadL_Z13onMsgComposedS1_hEEEEvPKvS1_h 0x08002970   Section        0  main.o(t._ZN4util20FreeCallbackFactory2IvPhhE7WrapperIXadL_Z13onMsgComposedS1_hEEEEvPKvS1_h)
    t._ZN4util22MemberCallbackFactory2IvN15bootloader_core6LoaderEPhjE4BindIXadL_ZNS2_7operateES3_jEEEENS_8CallbackIFvS3_jEEEPS2_ 0x08002984   Section        0  main.o(t._ZN4util22MemberCallbackFactory2IvN15bootloader_core6LoaderEPhjE4BindIXadL_ZNS2_7operateES3_jEEEENS_8CallbackIFvS3_jEEEPS2_)
    t._ZN4util22MemberCallbackFactory2IvN15bootloader_core6LoaderEPhjE7WrapperIXadL_ZNS2_7operateES3_jEEEEvPKvS3_j 0x08002994   Section        0  main.o(t._ZN4util22MemberCallbackFactory2IvN15bootloader_core6LoaderEPhjE7WrapperIXadL_ZNS2_7operateES3_jEEEEvPKvS3_j)
    t._ZN4util8CallbackIFvvEEC1EPFvPKvES4_   0x080029e8   Section        0  main.o(t._ZN4util8CallbackIFvvEEC1EPFvPKvES4_)
    t._ZN4util8CallbackIFvvEEC1ERKS2_        0x080029ee   Section        0  main.o(t._ZN4util8CallbackIFvvEEC1ERKS2_)
    t._ZN4util8CallbackIFvvEEC1Ev            0x080029f8   Section        0  main.o(t._ZN4util8CallbackIFvvEEC1Ev)
    t._ZN4util8CallbackIFvvEEaSERKS2_        0x08002a00   Section        0  main.o(t._ZN4util8CallbackIFvvEEaSERKS2_)
    t._ZNK4util8CallbackIFvPhjEEclES1_j      0x08002a0a   Section        0  uart_bus_message_receiver.o(t._ZNK4util8CallbackIFvPhjEEclES1_j)
    t._ZNV14CircularBufferIhLj255EE8readTailEv 0x08002a1e   Section        0  uart_handle.o(t._ZNV14CircularBufferIhLj255EE8readTailEv)
    t._ZNV14CircularBufferIhLj255EE9writeHeadEh 0x08002a8e   Section        0  uart_handle.o(t._ZNV14CircularBufferIhLj255EE9writeHeadEh)
    .constdata                               0x08002afc   Section       16  main.o(.constdata)
    <Data1>                                  0x08002afc   Data           8  main.o(.constdata)
    <Data2>                                  0x08002b04   Data           8  main.o(.constdata)
    .constdata                               0x08002b0c   Section        2  uart_bus_message_sender.o(.constdata)
    uart_messages::tx_messages::standartStart 0x08002b0c   Data           2  uart_bus_message_sender.o(.constdata)
    .constdata__ZTV11ISerialPort             0x08002b10   Section       72  uart_handle.o(.constdata__ZTV11ISerialPort)
    .constdata__ZTVN13uart_messages10IBusSenderE 0x08002b58   Section       36  uart_bus_message_sender.o(.constdata__ZTVN13uart_messages10IBusSenderE)
    .constdata__ZTVN13uart_messages9BusSenderE 0x08002b7c   Section       36  uart_bus_message_sender.o(.constdata__ZTVN13uart_messages9BusSenderE)
    .constdata__ZTVN15bootloader_core7ISenderE 0x08002ba0   Section       36  uart_bus_message_sender.o(.constdata__ZTVN15bootloader_core7ISenderE)
    .constdata__ZTVN15bootloader_core8IFlasherE 0x08002bc4   Section       36  main.o(.constdata__ZTVN15bootloader_core8IFlasherE)
    .constdata__ZTVN4uart6HandleE            0x08002be8   Section       72  uart_handle.o(.constdata__ZTVN4uart6HandleE)
    .constdata__ZTVN8flashing17Flasher_stm32f30xE 0x08002c30   Section       36  flasher_stm32f30x.o(.constdata__ZTVN8flashing17Flasher_stm32f30xE)
    .init_array                              0x08002c74   Section        4  main.o(.init_array)
    .init_array                              0x08002c78   Section        4  uart_handle.o(.init_array)
    .init_array                              0x08002c7c   Section        4  uart_bus_message_composer.o(.init_array)
    .init_array                              0x08002c80   Section        4  uart_bus_message_receiver.o(.init_array)
    .init_array                              0x08002c84   Section        4  uart_bus_message_sender.o(.init_array)
    .data                                    0x20000000   Section       20  system_stm32f30x_hse_12.o(.data)
    .data                                    0x20000014   Section        8  main.o(.data)
    _ZGVloader                               0x20000018   Data           4  main.o(.data)
    .data                                    0x2000001c   Section       48  stm32f30x_rcc.o(.data)
    APBAHBPrescTable                         0x2000001c   Data          16  stm32f30x_rcc.o(.data)
    ADCPrescTable                            0x2000002c   Data          32  stm32f30x_rcc.o(.data)
    .data                                    0x2000004c   Section        4  time_service.o(.data)
    .data                                    0x20000050   Section        1  uart_handle.o(.data)
    .bss                                     0x20000054   Section      576  main.o(.bss)
    loader                                   0x20000054   Data         288  main.o(.bss)
    composedBuf                              0x20000174   Data         255  main.o(.bss)
    .bss                                     0x20000294   Section      588  uart_handle.o(.bss)
    .bss                                     0x200004e0   Section       20  uart_bus_message_composer.o(.bss)
    .bss                                     0x200004f4   Section       12  uart_bus_message_receiver.o(.bss)
    .bss                                     0x20000500   Section      524  uart_bus_message_sender.o(.bss)
    STACK                                    0x20000710   Section     5120  startup_stm32f303xc.o(STACK)

    Global Symbols

    Symbol Name                              Value     Ov Type        Size  Object(Section)

    BuildAttributes$$THM_ISAv4$E$P$D$K$B$S$7EM$VFPi3$EXTD16$VFPS$VFMA$PE$A:L22UL41UL21$X:L11$S22US41US21$IEEE1$IW$USESV6$~STKCKD$USESV7$~SHL$OSPACE$EBA8$UX$MICROLIB$REQ8$EABIv2 0x00000000   Number         0  anon$$obj.o ABSOLUTE
    __ARM_use_no_argv                        0x00000000   Number         0  main.o ABSOLUTE
    __cxa_finalize                            - Undefined Weak Reference
    __decompress                              - Undefined Weak Reference
    _clock_init                               - Undefined Weak Reference
    _microlib_exit                            - Undefined Weak Reference
    __Vectors_Size                           0x00000188   Number         0  startup_stm32f303xc.o ABSOLUTE
    __Vectors                                0x08000000   Data           4  startup_stm32f303xc.o(RESET)
    __dso_handle                             0x08000000   Number         0  startup_stm32f303xc.o(RESET)
    __Vectors_End                            0x08000188   Data           0  startup_stm32f303xc.o(RESET)
    __main                                   0x08000189   Thumb Code     0  entry.o(.ARM.Collect$$$$00000000)
    _main_stk                                0x08000189   Thumb Code     0  entry2.o(.ARM.Collect$$$$00000001)
    _main_scatterload                        0x0800018d   Thumb Code     0  entry5.o(.ARM.Collect$$$$00000004)
    __main_after_scatterload                 0x08000191   Thumb Code     0  entry5.o(.ARM.Collect$$$$00000004)
    _main_clock                              0x08000191   Thumb Code     0  entry7b.o(.ARM.Collect$$$$00000008)
    _main_cpp_init$empty                     0x08000191   Thumb Code     0  entry8a.o(.ARM.Collect$$$$00000009)
    _main_cpp_init                           0x08000195   Thumb Code     0  entry8b.o(.ARM.Collect$$$$0000000A)
    _main_init                               0x08000195   Thumb Code     0  entry9a.o(.ARM.Collect$$$$0000000B)
    __rt_final_cpp                           0x0800019d   Thumb Code     0  entry10a.o(.ARM.Collect$$$$0000000D)
    __rt_final_exit                          0x0800019d   Thumb Code     0  entry11a.o(.ARM.Collect$$$$0000000F)
    boot_jump(unsigned)                      0x080001a1   Thumb Code     8  flasher_stm32f30x.o(.emb_text)
    Reset_Handler                            0x080001a9   Thumb Code     8  startup_stm32f303xc.o(.text)
    NMI_Handler                              0x080001b1   Thumb Code     2  startup_stm32f303xc.o(.text)
    HardFault_Handler                        0x080001b3   Thumb Code     2  startup_stm32f303xc.o(.text)
    MemManage_Handler                        0x080001b5   Thumb Code     2  startup_stm32f303xc.o(.text)
    BusFault_Handler                         0x080001b7   Thumb Code     2  startup_stm32f303xc.o(.text)
    UsageFault_Handler                       0x080001b9   Thumb Code     2  startup_stm32f303xc.o(.text)
    SVC_Handler                              0x080001bb   Thumb Code     2  startup_stm32f303xc.o(.text)
    DebugMon_Handler                         0x080001bd   Thumb Code     2  startup_stm32f303xc.o(.text)
    PendSV_Handler                           0x080001bf   Thumb Code     2  startup_stm32f303xc.o(.text)
    ADC1_2_IRQHandler                        0x080001c3   Thumb Code     0  startup_stm32f303xc.o(.text)
    ADC3_IRQHandler                          0x080001c3   Thumb Code     0  startup_stm32f303xc.o(.text)
    ADC4_IRQHandler                          0x080001c3   Thumb Code     0  startup_stm32f303xc.o(.text)
    CAN1_RX1_IRQHandler                      0x080001c3   Thumb Code     0  startup_stm32f303xc.o(.text)
    CAN1_SCE_IRQHandler                      0x080001c3   Thumb Code     0  startup_stm32f303xc.o(.text)
    COMP1_2_3_IRQHandler                     0x080001c3   Thumb Code     0  startup_stm32f303xc.o(.text)
    COMP4_5_6_IRQHandler                     0x080001c3   Thumb Code     0  startup_stm32f303xc.o(.text)
    COMP7_IRQHandler                         0x080001c3   Thumb Code     0  startup_stm32f303xc.o(.text)
    DMA1_Channel1_IRQHandler                 0x080001c3   Thumb Code     0  startup_stm32f303xc.o(.text)
    DMA1_Channel2_IRQHandler                 0x080001c3   Thumb Code     0  startup_stm32f303xc.o(.text)
    DMA1_Channel3_IRQHandler                 0x080001c3   Thumb Code     0  startup_stm32f303xc.o(.text)
    DMA1_Channel4_IRQHandler                 0x080001c3   Thumb Code     0  startup_stm32f303xc.o(.text)
    DMA1_Channel5_IRQHandler                 0x080001c3   Thumb Code     0  startup_stm32f303xc.o(.text)
    DMA1_Channel6_IRQHandler                 0x080001c3   Thumb Code     0  startup_stm32f303xc.o(.text)
    DMA1_Channel7_IRQHandler                 0x080001c3   Thumb Code     0  startup_stm32f303xc.o(.text)
    DMA2_Channel1_IRQHandler                 0x080001c3   Thumb Code     0  startup_stm32f303xc.o(.text)
    DMA2_Channel2_IRQHandler                 0x080001c3   Thumb Code     0  startup_stm32f303xc.o(.text)
    DMA2_Channel3_IRQHandler                 0x080001c3   Thumb Code     0  startup_stm32f303xc.o(.text)
    DMA2_Channel4_IRQHandler                 0x080001c3   Thumb Code     0  startup_stm32f303xc.o(.text)
    DMA2_Channel5_IRQHandler                 0x080001c3   Thumb Code     0  startup_stm32f303xc.o(.text)
    EXTI0_IRQHandler                         0x080001c3   Thumb Code     0  startup_stm32f303xc.o(.text)
    EXTI15_10_IRQHandler                     0x080001c3   Thumb Code     0  startup_stm32f303xc.o(.text)
    EXTI1_IRQHandler                         0x080001c3   Thumb Code     0  startup_stm32f303xc.o(.text)
    EXTI2_TS_IRQHandler                      0x080001c3   Thumb Code     0  startup_stm32f303xc.o(.text)
    EXTI3_IRQHandler                         0x080001c3   Thumb Code     0  startup_stm32f303xc.o(.text)
    EXTI4_IRQHandler                         0x080001c3   Thumb Code     0  startup_stm32f303xc.o(.text)
    EXTI9_5_IRQHandler                       0x080001c3   Thumb Code     0  startup_stm32f303xc.o(.text)
    FLASH_IRQHandler                         0x080001c3   Thumb Code     0  startup_stm32f303xc.o(.text)
    FPU_IRQHandler                           0x080001c3   Thumb Code     0  startup_stm32f303xc.o(.text)
    I2C1_ER_IRQHandler                       0x080001c3   Thumb Code     0  startup_stm32f303xc.o(.text)
    I2C1_EV_IRQHandler                       0x080001c3   Thumb Code     0  startup_stm32f303xc.o(.text)
    I2C2_ER_IRQHandler                       0x080001c3   Thumb Code     0  startup_stm32f303xc.o(.text)
    I2C2_EV_IRQHandler                       0x080001c3   Thumb Code     0  startup_stm32f303xc.o(.text)
    PVD_IRQHandler                           0x080001c3   Thumb Code     0  startup_stm32f303xc.o(.text)
    RCC_IRQHandler                           0x080001c3   Thumb Code     0  startup_stm32f303xc.o(.text)
    RTC_Alarm_IRQHandler                     0x080001c3   Thumb Code     0  startup_stm32f303xc.o(.text)
    RTC_WKUP_IRQHandler                      0x080001c3   Thumb Code     0  startup_stm32f303xc.o(.text)
    SPI1_IRQHandler                          0x080001c3   Thumb Code     0  startup_stm32f303xc.o(.text)
    SPI2_IRQHandler                          0x080001c3   Thumb Code     0  startup_stm32f303xc.o(.text)
    SPI3_IRQHandler                          0x080001c3   Thumb Code     0  startup_stm32f303xc.o(.text)
    TAMPER_STAMP_IRQHandler                  0x080001c3   Thumb Code     0  startup_stm32f303xc.o(.text)
    TIM1_BRK_TIM15_IRQHandler                0x080001c3   Thumb Code     0  startup_stm32f303xc.o(.text)
    TIM1_CC_IRQHandler                       0x080001c3   Thumb Code     0  startup_stm32f303xc.o(.text)
    TIM1_TRG_COM_TIM17_IRQHandler            0x080001c3   Thumb Code     0  startup_stm32f303xc.o(.text)
    TIM1_UP_TIM16_IRQHandler                 0x080001c3   Thumb Code     0  startup_stm32f303xc.o(.text)
    TIM2_IRQHandler                          0x080001c3   Thumb Code     0  startup_stm32f303xc.o(.text)
    TIM3_IRQHandler                          0x080001c3   Thumb Code     0  startup_stm32f303xc.o(.text)
    TIM4_IRQHandler                          0x080001c3   Thumb Code     0  startup_stm32f303xc.o(.text)
    TIM6_DAC_IRQHandler                      0x080001c3   Thumb Code     0  startup_stm32f303xc.o(.text)
    TIM7_IRQHandler                          0x080001c3   Thumb Code     0  startup_stm32f303xc.o(.text)
    TIM8_BRK_IRQHandler                      0x080001c3   Thumb Code     0  startup_stm32f303xc.o(.text)
    TIM8_CC_IRQHandler                       0x080001c3   Thumb Code     0  startup_stm32f303xc.o(.text)
    TIM8_TRG_COM_IRQHandler                  0x080001c3   Thumb Code     0  startup_stm32f303xc.o(.text)
    TIM8_UP_IRQHandler                       0x080001c3   Thumb Code     0  startup_stm32f303xc.o(.text)
    UART4_IRQHandler                         0x080001c3   Thumb Code     0  startup_stm32f303xc.o(.text)
    UART5_IRQHandler                         0x080001c3   Thumb Code     0  startup_stm32f303xc.o(.text)
    USART1_IRQHandler                        0x080001c3   Thumb Code     0  startup_stm32f303xc.o(.text)
    USART2_IRQHandler                        0x080001c3   Thumb Code     0  startup_stm32f303xc.o(.text)
    USBWakeUp_IRQHandler                     0x080001c3   Thumb Code     0  startup_stm32f303xc.o(.text)
    USBWakeUp_RMP_IRQHandler                 0x080001c3   Thumb Code     0  startup_stm32f303xc.o(.text)
    USB_HP_CAN1_TX_IRQHandler                0x080001c3   Thumb Code     0  startup_stm32f303xc.o(.text)
    USB_HP_IRQHandler                        0x080001c3   Thumb Code     0  startup_stm32f303xc.o(.text)
    USB_LP_CAN1_RX0_IRQHandler               0x080001c3   Thumb Code     0  startup_stm32f303xc.o(.text)
    USB_LP_IRQHandler                        0x080001c3   Thumb Code     0  startup_stm32f303xc.o(.text)
    WWDG_IRQHandler                          0x080001c3   Thumb Code     0  startup_stm32f303xc.o(.text)
    SystemInit                               0x080002b1   Thumb Code   104  system_stm32f30x_hse_12.o(.text)
    bootloader_core::common::charArrToInt(unsigned char*) 0x0800032d   Thumb Code    28  bootloader_common.o(.text)
    bootloader_core::Loader::answerError()   0x08000349   Thumb Code    28  loader.o(.text)
    bootloader_core::Loader::guarantedAnswerOk() 0x08000365   Thumb Code    28  loader.o(.text)
    bootloader_core::Loader::receivedReset() 0x08000381   Thumb Code    22  loader.o(.text)
    bootloader_core::Loader::receivedStartFirmware() 0x08000397   Thumb Code    44  loader.o(.text)
    bootloader_core::Loader::answerOk()      0x080003c3   Thumb Code    28  loader.o(.text)
    bootloader_core::Loader::receivedFirmwareCrcCheck(unsigned char*, unsigned char) 0x080003df   Thumb Code   154  loader.o(.text)
    bootloader_core::Loader::receivedWriteBlockAndCheck() 0x08000479   Thumb Code   106  loader.o(.text)
    bootloader_core::Loader::receivedDataChunk(unsigned char*, unsigned) 0x080004e3   Thumb Code   112  loader.o(.text)
    bootloader_core::Loader::receivedBlockAddress(unsigned char*, unsigned char) 0x08000553   Thumb Code   160  loader.o(.text)
    bootloader_core::Loader::receivedFwSize(unsigned char*, unsigned char) 0x080005f3   Thumb Code    88  loader.o(.text)
    bootloader_core::Loader::receivedFlashErase() 0x0800064b   Thumb Code    66  loader.o(.text)
    bootloader_core::Loader::receivedEcho()  0x0800068d   Thumb Code    12  loader.o(.text)
    bootloader_core::Loader::operate(unsigned char*, unsigned) 0x08000699   Thumb Code   166  loader.o(.text)
    flashing::Flasher_stm32f30x::eraseAll()  0x0800073f   Thumb Code    74  flasher_stm32f30x.o(.text)
    flashing::Flasher_stm32f30x::erasePage(unsigned) 0x08000789   Thumb Code    98  flasher_stm32f30x.o(.text)
    flashing::Flasher_stm32f30x::getPageAddr(unsigned) 0x080007eb   Thumb Code    14  flasher_stm32f30x.o(.text)
    flashing::Flasher_stm32f30x::isPageBlank(unsigned) 0x080007f9   Thumb Code    42  flasher_stm32f30x.o(.text)
    flashing::Flasher_stm32f30x::writeBlock(unsigned char*, unsigned, unsigned) 0x08000823   Thumb Code   220  flasher_stm32f30x.o(.text)
    flashing::Flasher_stm32f30x::checkBlock(unsigned char*, unsigned, unsigned) 0x080008ff   Thumb Code    36  flasher_stm32f30x.o(.text)
    flashing::Flasher_stm32f30x::checkAllFirmware(unsigned, unsigned, unsigned) 0x08000923   Thumb Code    40  flasher_stm32f30x.o(.text)
    flashing::Flasher_stm32f30x::startFirmware() 0x0800094b   Thumb Code    80  flasher_stm32f30x.o(.text)
    umba_crc8                                0x0800099b   Thumb Code    56  umba_crc8.o(.text)
    umba_crc32                               0x080009d5   Thumb Code    96  umba_crc32.o(.text)
    umba_crc16                               0x08000a39   Thumb Code    62  umba_crc16.o(.text)
    assert_failed                            0x08000a79   Thumb Code     4  main.o(.text)
    systemReset()                            0x08000a7d   Thumb Code    34  main.o(.text)
    onMsgComposed(unsigned char*, unsigned char) 0x08000a9f   Thumb Code    24  main.o(.text)
    deInitAll()                              0x08000ab7   Thumb Code   162  main.o(.text)
    main                                     0x08000b59   Thumb Code   448  main.o(.text)
    __aeabi_atexit                           0x08000d19   Thumb Code     4  main.o(.text)
    FLASH_Unlock                             0x08000db5   Thumb Code    22  stm32f30x_flash.o(.text)
    FLASH_Lock                               0x08000dcb   Thumb Code    14  stm32f30x_flash.o(.text)
    FLASH_GetStatus                          0x08000dd9   Thumb Code    48  stm32f30x_flash.o(.text)
    FLASH_WaitForLastOperation               0x08000e09   Thumb Code    38  stm32f30x_flash.o(.text)
    FLASH_ErasePage                          0x08000e2f   Thumb Code    94  stm32f30x_flash.o(.text)
    FLASH_ProgramWord                        0x08000e8d   Thumb Code   128  stm32f30x_flash.o(.text)
    GPIO_Init                                0x08000f55   Thumb Code   326  stm32f30x_gpio.o(.text)
    GPIO_StructInit                          0x0800109b   Thumb Code    22  stm32f30x_gpio.o(.text)
    GPIO_PinAFConfig                         0x080010b1   Thumb Code   288  stm32f30x_gpio.o(.text)
    RCC_DeInit                               0x08001221   Thumb Code    84  stm32f30x_rcc.o(.text)
    RCC_GetClocksFreq                        0x08001275   Thumb Code  1372  stm32f30x_rcc.o(.text)
    RCC_AHBPeriphClockCmd                    0x080017d1   Thumb Code    70  stm32f30x_rcc.o(.text)
    RCC_APB1PeriphClockCmd                   0x08001817   Thumb Code    70  stm32f30x_rcc.o(.text)
    USART_Init                               0x080018a1   Thumb Code   424  stm32f30x_usart.o(.text)
    NVIC_SetVectorTable                      0x08001a99   Thumb Code    58  stm32f30x_misc.o(.text)
    SysTick_Handler                          0x08001b15   Thumb Code    12  time_service.o(.text)
    TimeService::init(unsigned)              0x08001b21   Thumb Code    90  time_service.o(.text)
    TimeService::deInit()                    0x08001b7b   Thumb Code    18  time_service.o(.text)
    uart::Handle::disableTransmit485()       0x08001b99   Thumb Code    18  uart_handle.o(.text)
    uart::Handle::irqHandler()               0x08001bab   Thumb Code   238  uart_handle.o(.text)
    USART3_IRQHandler                        0x08001c99   Thumb Code    10  uart_handle.o(.text)
    uart::Handle::Handle()                   0x08001ca3   Thumb Code   126  uart_handle.o(.text)
    uart::Handle::Handle__sub_object()       0x08001ca3   Thumb Code     0  uart_handle.o(.text)
    uart::Handle::uartInitHelper(uart::Handle::UartSettings&) 0x08001d21   Thumb Code   242  uart_handle.o(.text)
    uart::Handle::initPrivate(uart::RxPins, uart::TxPins, USART_InitTypeDef&, bool, unsigned char) 0x08001e13   Thumb Code   440  uart_handle.o(.text)
    uart::Handle::initExtended(uart::RxPins, uart::TxPins, USART_InitTypeDef&, GPIO_TypeDef*, unsigned short, bool, unsigned char) 0x08001fcb   Thumb Code   102  uart_handle.o(.text)
    uart::Handle::init(uart::RxPins, uart::TxPins, unsigned, GPIO_TypeDef*, unsigned short, bool, unsigned char) 0x08002031   Thumb Code    56  uart_handle.o(.text)
    uart::Handle::teardown()                 0x08002069   Thumb Code   158  uart_handle.o(.text)
    uart::Handle::changeBaudrate(unsigned)   0x08002107   Thumb Code   100  uart_handle.o(.text)
    uart::Handle::reset()                    0x0800216b   Thumb Code    92  uart_handle.o(.text)
    uart::Handle::enableReceiver()           0x080021c7   Thumb Code    48  uart_handle.o(.text)
    uart::Handle::disableReceiver()          0x080021f7   Thumb Code    48  uart_handle.o(.text)
    uart::Handle::isNewByte()                0x08002227   Thumb Code    84  uart_handle.o(.text)
    uart::Handle::getByte()                  0x0800227b   Thumb Code    74  uart_handle.o(.text)
    uart::Handle::isLocked()                 0x080022c5   Thumb Code    22  uart_handle.o(.text)
    uart::Handle::lock()                     0x080022db   Thumb Code    22  uart_handle.o(.text)
    uart::Handle::unLock()                   0x080022f1   Thumb Code    22  uart_handle.o(.text)
    uart::Handle::enableTransmit485()        0x08002307   Thumb Code    18  uart_handle.o(.text)
    uart::Handle::sendStaticArray(const volatile unsigned char*, unsigned) 0x08002319   Thumb Code    90  uart_handle.o(.text)
    uart::Handle::sendLocalArray(const unsigned char*, unsigned) 0x08002373   Thumb Code    94  uart_handle.o(.text)
    uart::Handle::isTransmitComplete()       0x080023d1   Thumb Code    22  uart_handle.o(.text)
    uart::Handle::isReceiverOverrun()        0x080023e7   Thumb Code    22  uart_handle.o(.text)
    uart::Handle::getError()                 0x080023fd   Thumb Code    20  uart_handle.o(.text)
    uart_messages::UartBusMessageReceiver::receiveMessage(unsigned char*, unsigned char) 0x08002465   Thumb Code   174  uart_bus_message_receiver.o(.text)
    uart_messages::BusSender::sendMsg()      0x08002545   Thumb Code    72  uart_bus_message_sender.o(.text)
    uart_messages::BusSender::sendGuarantedMsg() 0x0800258d   Thumb Code    88  uart_bus_message_sender.o(.text)
    uart_messages::BusSender::getDataBuf()   0x080025e5   Thumb Code     8  uart_bus_message_sender.o(.text)
    uart_messages::BusSender::repeatLastMsg() 0x080025ed   Thumb Code    34  uart_bus_message_sender.o(.text)
    __aeabi_memcpy                           0x0800264d   Thumb Code    36  memcpya.o(.text)
    __aeabi_memcpy4                          0x0800264d   Thumb Code     0  memcpya.o(.text)
    __aeabi_memcpy8                          0x0800264d   Thumb Code     0  memcpya.o(.text)
    __aeabi_memset                           0x08002671   Thumb Code    14  memseta.o(.text)
    __aeabi_memset4                          0x08002671   Thumb Code     0  memseta.o(.text)
    __aeabi_memset8                          0x08002671   Thumb Code     0  memseta.o(.text)
    __aeabi_memclr                           0x0800267f   Thumb Code     4  memseta.o(.text)
    __aeabi_memclr4                          0x0800267f   Thumb Code     0  memseta.o(.text)
    __aeabi_memclr8                          0x0800267f   Thumb Code     0  memseta.o(.text)
    _memset$wrapper                          0x08002683   Thumb Code    18  memseta.o(.text)
    memcmp                                   0x08002695   Thumb Code    26  memcmp.o(.text)
    __cpp_initialize__aeabi_                 0x080026b1   Thumb Code    22  cpp_init.o(.text)
    __rt_SIGPVFN                             0x080026d1   Thumb Code     2  cpp_signal.o(.text)
    __scatterload                            0x080026d5   Thumb Code    28  init.o(.text)
    __scatterload_rt2                        0x080026d5   Thumb Code     0  init.o(.text)
    gpioToRcc(GPIO_TypeDef*)                 0x080026f9   Thumb Code   100  uart_handle.o(i._Z9gpioToRccP12GPIO_TypeDef)
    uart_messages::tx_messages::getMsgSize(unsigned char*) 0x08002779   Thumb Code     6  uart_bus_message_sender.o(i._ZN13uart_messages11tx_messages10getMsgSizeEPh)
    uart_messages::tx_messages::wrapMsg(unsigned char*, unsigned char, unsigned char) 0x08002781   Thumb Code    88  uart_bus_message_sender.o(i._ZN13uart_messages11tx_messages7wrapMsgEPhhh)
    uart_messages::UartBusMessageComposer::States::States(uart_messages::UartBusMessageComposer::States::Type) 0x080027dd   Thumb Code     4  uart_bus_message_composer.o(i._ZN13uart_messages22UartBusMessageComposer6StatesC1ENS1_4TypeE)
    uart_messages::UartBusMessageComposer::States::States__sub_object(uart_messages::UartBusMessageComposer::States::Type) 0x080027dd   Thumb Code     0  uart_bus_message_composer.o(i._ZN13uart_messages22UartBusMessageComposer6StatesC1ENS1_4TypeE)
    uart_messages::UartBusMessageComposer::~UartBusMessageComposer() 0x080027e1   Thumb Code     4  uart_bus_message_composer.o(i._ZN13uart_messages22UartBusMessageComposerD1Ev)
    uart_messages::UartBusMessageComposer::~UartBusMessageComposer__sub_object() 0x080027e1   Thumb Code     0  uart_bus_message_composer.o(i._ZN13uart_messages22UartBusMessageComposerD1Ev)
    uart_messages::UartBusMessageReceiver::~UartBusMessageReceiver() 0x080027e5   Thumb Code     8  uart_bus_message_receiver.o(i._ZN13uart_messages22UartBusMessageReceiverD1Ev)
    uart_messages::UartBusMessageReceiver::~UartBusMessageReceiver__sub_object() 0x080027e5   Thumb Code     0  uart_bus_message_receiver.o(i._ZN13uart_messages22UartBusMessageReceiverD1Ev)
    uart_messages::BusSender::setAnsweringState(bool) 0x080027ed   Thumb Code     6  uart_bus_message_sender.o(i._ZN13uart_messages9BusSender17setAnsweringStateEb)
    uart_messages::BusSender::setCurrentMessageCount(unsigned char) 0x080027f3   Thumb Code     6  uart_bus_message_sender.o(i._ZN13uart_messages9BusSender22setCurrentMessageCountEh)
    bootloader_core::Loader::States::States(bootloader_core::Loader::States::Type) 0x080027f9   Thumb Code     4  loader.o(i._ZN15bootloader_core6Loader6StatesC1ENS1_4TypeE)
    bootloader_core::Loader::States::States__sub_object(bootloader_core::Loader::States::Type) 0x080027f9   Thumb Code     0  loader.o(i._ZN15bootloader_core6Loader6StatesC1ENS1_4TypeE)
    bootloader_core::Loader::~Loader()       0x080027fd   Thumb Code    12  main.o(i._ZN15bootloader_core6LoaderD1Ev)
    bootloader_core::Loader::~Loader__sub_object() 0x080027fd   Thumb Code     0  main.o(i._ZN15bootloader_core6LoaderD1Ev)
    uart::Handle::UartSettings::UartSettings() 0x08002809   Thumb Code    88  uart_handle.o(i._ZN4uart6Handle12UartSettingsC1Ev)
    uart::Handle::UartSettings::UartSettings__sub_object() 0x08002809   Thumb Code     0  uart_handle.o(i._ZN4uart6Handle12UartSettingsC1Ev)
    flashing::Flasher_stm32f30x::Flasher_stm32f30x(unsigned char, unsigned) 0x08002861   Thumb Code    62  main.o(i._ZN8flashing17Flasher_stm32f30xC1Ehj)
    flashing::Flasher_stm32f30x::Flasher_stm32f30x__sub_object(unsigned char, unsigned) 0x08002861   Thumb Code     0  main.o(i._ZN8flashing17Flasher_stm32f30xC1Ehj)
    flashing::Flasher_stm32f30x::~Flasher_stm32f30x() 0x080028a9   Thumb Code    16  main.o(i._ZN8flashing17Flasher_stm32f30xD1Ev)
    flashing::Flasher_stm32f30x::~Flasher_stm32f30x__sub_object() 0x080028a9   Thumb Code     0  main.o(i._ZN8flashing17Flasher_stm32f30xD1Ev)
    uart_messages::BusSender::getCurrentMessageCount() const 0x080028bd   Thumb Code     8  uart_bus_message_sender.o(i._ZNK13uart_messages9BusSender22getCurrentMessageCountEv)
    bootloader_core::Loader::States::operator bootloader_core::Loader::States::Type() const 0x080028c5   Thumb Code     6  loader.o(i._ZNK15bootloader_core6Loader6StatescvNS1_4TypeEEv)
    uart::RxPins::operator uart::RxPins::Type() const 0x080028cb   Thumb Code     6  uart_handle.o(i._ZNK4uart6RxPinscvNS0_4TypeEEv)
    uart::TxPins::operator uart::TxPins::Type() const 0x080028d1   Thumb Code     6  uart_handle.o(i._ZNK4uart6TxPinscvNS0_4TypeEEv)
    flashing::Flasher_stm32f30x::getFreeFlashAddrMin() const 0x080028d7   Thumb Code     6  flasher_stm32f30x.o(i._ZNK8flashing17Flasher_stm32f30x19getFreeFlashAddrMinEv)
    flashing::Flasher_stm32f30x::getFreeFlashSizeInBytes() const 0x080028dd   Thumb Code    10  flasher_stm32f30x.o(i._ZNK8flashing17Flasher_stm32f30x23getFreeFlashSizeInBytesEv)
    __cxa_guard_acquire                      0x080028e7   Thumb Code    16  cxa_guard_acquire.o(i.__cxa_guard_acquire)
    __cxa_pure_virtual                       0x080028f7   Thumb Code     6  pure_virt.o(i.__cxa_pure_virtual)
    __scatterload_copy                       0x080028fd   Thumb Code    14  handlers.o(i.__scatterload_copy)
    __scatterload_null                       0x0800290b   Thumb Code     2  handlers.o(i.__scatterload_null)
    __scatterload_zeroinit                   0x0800290d   Thumb Code    14  handlers.o(i.__scatterload_zeroinit)
    util::GetCallbackFactory<void>(T1(*)())  0x0800291b   Thumb Code     2  main.o(t._ZN4util18GetCallbackFactoryIvEENS_20FreeCallbackFactory0IT_EEPFS2_vE)
    util::FreeCallbackFactory0<void>::Bind<(&systemReset)>() 0x0800291d   Thumb Code    18  main.o(t._ZN4util20FreeCallbackFactory0IvE4BindIXadL_Z11systemResetvEEEENS_8CallbackIFvvEEEv)
    util::FreeCallbackFactory0<void>::Bind<(&deInitAll)>() 0x08002935   Thumb Code    18  main.o(t._ZN4util20FreeCallbackFactory0IvE4BindIXadL_Z9deInitAllvEEEENS_8CallbackIFvvEEEv)
    util::FreeCallbackFactory0<void>::Wrapper<(&systemReset)>(const void*) 0x0800294d   Thumb Code     4  main.o(t._ZN4util20FreeCallbackFactory0IvE7WrapperIXadL_Z11systemResetvEEEEvPKv)
    util::FreeCallbackFactory0<void>::Wrapper<(&deInitAll)>(const void*) 0x08002951   Thumb Code    10  main.o(t._ZN4util20FreeCallbackFactory0IvE7WrapperIXadL_Z9deInitAllvEEEEvPKv)
    util::FreeCallbackFactory2<void, unsigned char*, unsigned char>::Bind<(&onMsgComposed)>() 0x0800295d   Thumb Code    14  main.o(t._ZN4util20FreeCallbackFactory2IvPhhE4BindIXadL_Z13onMsgComposedS1_hEEEENS_8CallbackIFvS1_hEEEv)
    util::FreeCallbackFactory2<void, unsigned char*, unsigned char>::Wrapper<(&onMsgComposed)>(const void*, unsigned char*, unsigned char) 0x08002971   Thumb Code    18  main.o(t._ZN4util20FreeCallbackFactory2IvPhhE7WrapperIXadL_Z13onMsgComposedS1_hEEEEvPKvS1_h)
    util::MemberCallbackFactory2<void, bootloader_core::Loader, unsigned char*, unsigned>::Bind<(&bootloader_core::Loader::operate)>(bootloader_core::Loader*) 0x08002985   Thumb Code    12  main.o(t._ZN4util22MemberCallbackFactory2IvN15bootloader_core6LoaderEPhjE4BindIXadL_ZNS2_7operateES3_jEEEENS_8CallbackIFvS3_jEEEPS2_)
    util::MemberCallbackFactory2<void, bootloader_core::Loader, unsigned char*, unsigned>::Wrapper<(&bootloader_core::Loader::operate)>(const void*, unsigned char*, unsigned) 0x08002995   Thumb Code    80  main.o(t._ZN4util22MemberCallbackFactory2IvN15bootloader_core6LoaderEPhjE7WrapperIXadL_ZNS2_7operateES3_jEEEEvPKvS3_j)
    util::Callback<void()>::Callback(void(*)(const void*), const void*) 0x080029e9   Thumb Code     6  main.o(t._ZN4util8CallbackIFvvEEC1EPFvPKvES4_)
    util::Callback<void()>::Callback__sub_object(void(*)(const void*), const void*) 0x080029e9   Thumb Code     0  main.o(t._ZN4util8CallbackIFvvEEC1EPFvPKvES4_)
    util::Callback<void()>::Callback(const util::Callback<void()>&) 0x080029ef   Thumb Code    10  main.o(t._ZN4util8CallbackIFvvEEC1ERKS2_)
    util::Callback<void()>::Callback__sub_object(const util::Callback<void()>&) 0x080029ef   Thumb Code     0  main.o(t._ZN4util8CallbackIFvvEEC1ERKS2_)
    util::Callback<void()>::Callback()       0x080029f9   Thumb Code     8  main.o(t._ZN4util8CallbackIFvvEEC1Ev)
    util::Callback<void()>::Callback__sub_object() 0x080029f9   Thumb Code     0  main.o(t._ZN4util8CallbackIFvvEEC1Ev)
    util::Callback<void()>::operator =(const util::Callback<void()>&) 0x08002a01   Thumb Code    10  main.o(t._ZN4util8CallbackIFvvEEaSERKS2_)
    util::Callback<void(unsigned char*, unsigned)>::operator ()(unsigned char*, unsigned) const 0x08002a0b   Thumb Code    20  uart_bus_message_receiver.o(t._ZNK4util8CallbackIFvPhjEEclES1_j)
    CircularBuffer<unsigned char, (unsigned)255>::readTail() volatile 0x08002a1f   Thumb Code   112  uart_handle.o(t._ZNV14CircularBufferIhLj255EE8readTailEv)
    CircularBuffer<unsigned char, (unsigned)255>::writeHead(unsigned char) volatile 0x08002a8f   Thumb Code   110  uart_handle.o(t._ZNV14CircularBufferIhLj255EE9writeHeadEh)
    vtable for ISerialPort                   0x08002b10   Data          72  uart_handle.o(.constdata__ZTV11ISerialPort)
    vtable for uart_messages::IBusSender     0x08002b58   Data          36  uart_bus_message_sender.o(.constdata__ZTVN13uart_messages10IBusSenderE)
    vtable for uart_messages::BusSender      0x08002b7c   Data          36  uart_bus_message_sender.o(.constdata__ZTVN13uart_messages9BusSenderE)
    vtable for bootloader_core::ISender      0x08002ba0   Data          36  uart_bus_message_sender.o(.constdata__ZTVN15bootloader_core7ISenderE)
    vtable for bootloader_core::IFlasher     0x08002bc4   Data          36  main.o(.constdata__ZTVN15bootloader_core8IFlasherE)
    vtable for uart::Handle                  0x08002be8   Data          72  uart_handle.o(.constdata__ZTVN4uart6HandleE)
    vtable for flashing::Flasher_stm32f30x   0x08002c30   Data          36  flasher_stm32f30x.o(.constdata__ZTVN8flashing17Flasher_stm32f30xE)
    Region$$Table$$Base                      0x08002c54   Number         0  anon$$obj.o(Region$$Table)
    Region$$Table$$Limit                     0x08002c74   Number         0  anon$$obj.o(Region$$Table)
    SHT$$INIT_ARRAY$$Base                    0x08002c74   Number         0  main.o(.init_array)
    SHT$$INIT_ARRAY$$Limit                   0x08002c88   Number         0  uart_bus_message_sender.o(.init_array)
    SystemCoreClock                          0x20000000   Data           4  system_stm32f30x_hse_12.o(.data)
    AHBPrescTable                            0x20000004   Data          16  system_stm32f30x_hse_12.o(.data)
    isConnected                              0x20000014   Data           1  main.o(.data)
    TimeService::systemTime                  0x2000004c   Data           4  time_service.o(.data)
    uart::Handle::handlesCounter             0x20000050   Data           1  uart_handle.o(.data)
    flasher                                  0x20000274   Data          32  main.o(.bss)
    uart::uart3                              0x20000294   Data         588  uart_handle.o(.bss)
    uart_messages::uartBusMessageComposer    0x200004e0   Data          20  uart_bus_message_composer.o(.bss)
    uart_messages::uartBusMessageReceiver    0x200004f4   Data          12  uart_bus_message_receiver.o(.bss)
    uart_messages::busSender                 0x20000500   Data         524  uart_bus_message_sender.o(.bss)
    __initial_sp                             0x20001b10   Data           0  startup_stm32f303xc.o(STACK)



==============================================================================

Memory Map of the image

  Image Entry point : 0x08000189

  Load Region LR_IROM1 (Base: 0x08000000, Size: 0x00002cdc, Max: 0x00003000, ABSOLUTE)

    Execution Region ER_IROM1 (Base: 0x08000000, Size: 0x00002c88, Max: 0x00003000, ABSOLUTE)

    Base Addr    Size         Type   Attr      Idx    E Section Name        Object

    0x08000000   0x00000188   Data   RO            3    RESET               startup_stm32f303xc.o
    0x08000188   0x00000000   Code   RO         2518  * .ARM.Collect$$$$00000000  mc_w.l(entry.o)
    0x08000188   0x00000004   Code   RO         2544    .ARM.Collect$$$$00000001  mc_w.l(entry2.o)
    0x0800018c   0x00000004   Code   RO         2547    .ARM.Collect$$$$00000004  mc_w.l(entry5.o)
    0x08000190   0x00000000   Code   RO         2549    .ARM.Collect$$$$00000008  mc_w.l(entry7b.o)
    0x08000190   0x00000004   Code   RO         2550    .ARM.Collect$$$$00000009  mc_w.l(entry8a.o)
    0x08000194   0x00000000   Code   RO         2551    .ARM.Collect$$$$0000000A  mc_w.l(entry8b.o)
    0x08000194   0x00000008   Code   RO         2552    .ARM.Collect$$$$0000000B  mc_w.l(entry9a.o)
    0x0800019c   0x00000000   Code   RO         2554    .ARM.Collect$$$$0000000D  mc_w.l(entry10a.o)
    0x0800019c   0x00000000   Code   RO         2556    .ARM.Collect$$$$0000000F  mc_w.l(entry11a.o)
    0x0800019c   0x00000004   Code   RO         2545    .ARM.Collect$$$$00002712  mc_w.l(entry2.o)
    0x080001a0   0x00000008   Code   RO          561    .emb_text           flasher_stm32f30x.o
    0x080001a8   0x00000024   Code   RO            4    .text               startup_stm32f303xc.o
    0x080001cc   0x00000160   Code   RO          128    .text               system_stm32f30x_hse_12.o
    0x0800032c   0x0000001c   Code   RO          164    .text               bootloader_common.o
    0x08000348   0x000003f6   Code   RO          458    .text               loader.o
    0x0800073e   0x0000025c   Code   RO          562    .text               flasher_stm32f30x.o
    0x0800099a   0x00000038   Code   RO          621    .text               umba_crc8.o
    0x080009d2   0x00000002   PAD
    0x080009d4   0x00000064   Code   RO          636    .text               umba_crc32.o
    0x08000a38   0x0000003e   Code   RO          651    .text               umba_crc16.o
    0x08000a76   0x00000002   PAD
    0x08000a78   0x0000033c   Code   RO          668    .text               main.o
    0x08000db4   0x000001a0   Code   RO          976    .text               stm32f30x_flash.o
    0x08000f54   0x000002cc   Code   RO         1204    .text               stm32f30x_gpio.o
    0x08001220   0x00000680   Code   RO         1289    .text               stm32f30x_rcc.o
    0x080018a0   0x000001f8   Code   RO         1531    .text               stm32f30x_usart.o
    0x08001a98   0x0000007c   Code   RO         1843    .text               stm32f30x_misc.o
    0x08001b14   0x00000084   Code   RO         1888    .text               time_service.o
    0x08001b98   0x0000088c   Code   RO         1939    .text               uart_handle.o
    0x08002424   0x00000040   Code   RO         2087    .text               uart_bus_message_composer.o
    0x08002464   0x000000e0   Code   RO         2207    .text               uart_bus_message_receiver.o
    0x08002544   0x00000108   Code   RO         2316    .text               uart_bus_message_sender.o
    0x0800264c   0x00000024   Code   RO         2521    .text               mc_w.l(memcpya.o)
    0x08002670   0x00000024   Code   RO         2523    .text               mc_w.l(memseta.o)
    0x08002694   0x0000001a   Code   RO         2525    .text               mc_w.l(memcmp.o)
    0x080026ae   0x00000002   PAD
    0x080026b0   0x00000020   Code   RO         2532    .text               mc_w.l(cpp_init.o)
    0x080026d0   0x00000002   Code   RO         2558    .text               mc_w.l(cpp_signal.o)
    0x080026d2   0x00000002   PAD
    0x080026d4   0x00000024   Code   RO         2560    .text               mc_w.l(init.o)
    0x080026f8   0x00000080   Code   RO         1974    i._Z9gpioToRccP12GPIO_TypeDef  uart_handle.o
    0x08002778   0x00000006   Code   RO         2344    i._ZN13uart_messages11tx_messages10getMsgSizeEPh  uart_bus_message_sender.o
    0x0800277e   0x00000002   PAD
    0x08002780   0x0000005c   Code   RO         2338    i._ZN13uart_messages11tx_messages7wrapMsgEPhhh  uart_bus_message_sender.o
    0x080027dc   0x00000004   Code   RO         2108    i._ZN13uart_messages22UartBusMessageComposer6StatesC1ENS1_4TypeE  uart_bus_message_composer.o
    0x080027e0   0x00000004   Code   RO         2126    i._ZN13uart_messages22UartBusMessageComposerD1Ev  uart_bus_message_composer.o
    0x080027e4   0x00000008   Code   RO         2232    i._ZN13uart_messages22UartBusMessageReceiverD1Ev  uart_bus_message_receiver.o
    0x080027ec   0x00000006   Code   RO         2350    i._ZN13uart_messages9BusSender17setAnsweringStateEb  uart_bus_message_sender.o
    0x080027f2   0x00000006   Code   RO         2362    i._ZN13uart_messages9BusSender22setCurrentMessageCountEh  uart_bus_message_sender.o
    0x080027f8   0x00000004   Code   RO          480    i._ZN15bootloader_core6Loader6StatesC1ENS1_4TypeE  loader.o
    0x080027fc   0x0000000c   Code   RO          721    i._ZN15bootloader_core6LoaderD1Ev  main.o
    0x08002808   0x00000058   Code   RO         2013    i._ZN4uart6Handle12UartSettingsC1Ev  uart_handle.o
    0x08002860   0x00000048   Code   RO          748    i._ZN8flashing17Flasher_stm32f30xC1Ehj  main.o
    0x080028a8   0x00000014   Code   RO          754    i._ZN8flashing17Flasher_stm32f30xD1Ev  main.o
    0x080028bc   0x00000008   Code   RO         2356    i._ZNK13uart_messages9BusSender22getCurrentMessageCountEv  uart_bus_message_sender.o
    0x080028c4   0x00000006   Code   RO          474    i._ZNK15bootloader_core6Loader6StatescvNS1_4TypeEEv  loader.o
    0x080028ca   0x00000006   Code   RO         2001    i._ZNK4uart6RxPinscvNS0_4TypeEEv  uart_handle.o
    0x080028d0   0x00000006   Code   RO         2007    i._ZNK4uart6TxPinscvNS0_4TypeEEv  uart_handle.o
    0x080028d6   0x00000006   Code   RO          589    i._ZNK8flashing17Flasher_stm32f30x19getFreeFlashAddrMinEv  flasher_stm32f30x.o
    0x080028dc   0x0000000a   Code   RO          583    i._ZNK8flashing17Flasher_stm32f30x23getFreeFlashSizeInBytesEv  flasher_stm32f30x.o
    0x080028e6   0x00000010   Code   RO         2412    i.__cxa_guard_acquire  cpprt_w.l(cxa_guard_acquire.o)
    0x080028f6   0x00000006   Code   RO         2409    i.__cxa_pure_virtual  cpprt_w.l(pure_virt.o)
    0x080028fc   0x0000000e   Code   RO         2564    i.__scatterload_copy  mc_w.l(handlers.o)
    0x0800290a   0x00000002   Code   RO         2565    i.__scatterload_null  mc_w.l(handlers.o)
    0x0800290c   0x0000000e   Code   RO         2566    i.__scatterload_zeroinit  mc_w.l(handlers.o)
    0x0800291a   0x00000002   Code   RO          736    t._ZN4util18GetCallbackFactoryIvEENS_20FreeCallbackFactory0IT_EEPFS2_vE  main.o
    0x0800291c   0x00000018   Code   RO          730    t._ZN4util20FreeCallbackFactory0IvE4BindIXadL_Z11systemResetvEEEENS_8CallbackIFvvEEEv  main.o
    0x08002934   0x00000018   Code   RO          742    t._ZN4util20FreeCallbackFactory0IvE4BindIXadL_Z9deInitAllvEEEENS_8CallbackIFvvEEEv  main.o
    0x0800294c   0x00000004   Code   RO          769    t._ZN4util20FreeCallbackFactory0IvE7WrapperIXadL_Z11systemResetvEEEEvPKv  main.o
    0x08002950   0x0000000a   Code   RO          781    t._ZN4util20FreeCallbackFactory0IvE7WrapperIXadL_Z9deInitAllvEEEEvPKv  main.o
    0x0800295a   0x00000002   PAD
    0x0800295c   0x00000014   Code   RO          703    t._ZN4util20FreeCallbackFactory2IvPhhE4BindIXadL_Z13onMsgComposedS1_hEEEENS_8CallbackIFvS1_hEEEv  main.o
    0x08002970   0x00000012   Code   RO          763    t._ZN4util20FreeCallbackFactory2IvPhhE7WrapperIXadL_Z13onMsgComposedS1_hEEEEvPKvS1_h  main.o
    0x08002982   0x00000002   PAD
    0x08002984   0x00000010   Code   RO          697    t._ZN4util22MemberCallbackFactory2IvN15bootloader_core6LoaderEPhjE4BindIXadL_ZNS2_7operateES3_jEEEENS_8CallbackIFvS3_jEEEPS2_  main.o
    0x08002994   0x00000054   Code   RO          757    t._ZN4util22MemberCallbackFactory2IvN15bootloader_core6LoaderEPhjE7WrapperIXadL_ZNS2_7operateES3_jEEEEvPKvS3_j  main.o
    0x080029e8   0x00000006   Code   RO          775    t._ZN4util8CallbackIFvvEEC1EPFvPKvES4_  main.o
    0x080029ee   0x0000000a   Code   RO          709    t._ZN4util8CallbackIFvvEEC1ERKS2_  main.o
    0x080029f8   0x00000008   Code   RO          724    t._ZN4util8CallbackIFvvEEC1Ev  main.o
    0x08002a00   0x0000000a   Code   RO          715    t._ZN4util8CallbackIFvvEEaSERKS2_  main.o
    0x08002a0a   0x00000014   Code   RO         2226    t._ZNK4util8CallbackIFvPhjEEclES1_j  uart_bus_message_receiver.o
    0x08002a1e   0x00000070   Code   RO         2019    t._ZNV14CircularBufferIhLj255EE8readTailEv  uart_handle.o
    0x08002a8e   0x0000006e   Code   RO         1981    t._ZNV14CircularBufferIhLj255EE9writeHeadEh  uart_handle.o
    0x08002afc   0x00000010   Data   RO          673    .constdata          main.o
    0x08002b0c   0x00000002   Data   RO         2319    .constdata          uart_bus_message_sender.o
    0x08002b0e   0x00000002   PAD
    0x08002b10   0x00000048   Data   RO         2026    .constdata__ZTV11ISerialPort  uart_handle.o
    0x08002b58   0x00000024   Data   RO         2371    .constdata__ZTVN13uart_messages10IBusSenderE  uart_bus_message_sender.o
    0x08002b7c   0x00000024   Data   RO         2337    .constdata__ZTVN13uart_messages9BusSenderE  uart_bus_message_sender.o
    0x08002ba0   0x00000024   Data   RO         2369    .constdata__ZTVN15bootloader_core7ISenderE  uart_bus_message_sender.o
    0x08002bc4   0x00000024   Data   RO          788    .constdata__ZTVN15bootloader_core8IFlasherE  main.o
    0x08002be8   0x00000048   Data   RO         1973    .constdata__ZTVN4uart6HandleE  uart_handle.o
    0x08002c30   0x00000024   Data   RO          582    .constdata__ZTVN8flashing17Flasher_stm32f30xE  flasher_stm32f30x.o
    0x08002c54   0x00000020   Data   RO         2562    Region$$Table       anon$$obj.o
    0x08002c74   0x00000004   Data   RO          675    .init_array         main.o
    0x08002c78   0x00000004   Data   RO         1947    .init_array         uart_handle.o
    0x08002c7c   0x00000004   Data   RO         2092    .init_array         uart_bus_message_composer.o
    0x08002c80   0x00000004   Data   RO         2210    .init_array         uart_bus_message_receiver.o
    0x08002c84   0x00000004   Data   RO         2320    .init_array         uart_bus_message_sender.o


    Execution Region RW_IRAM1 (Base: 0x20000000, Size: 0x00001b10, Max: 0x00020000, ABSOLUTE)

    Base Addr    Size         Type   Attr      Idx    E Section Name        Object

    0x20000000   0x00000014   Data   RW          130    .data               system_stm32f30x_hse_12.o
    0x20000014   0x00000008   Data   RW          674    .data               main.o
    0x2000001c   0x00000030   Data   RW         1326    .data               stm32f30x_rcc.o
    0x2000004c   0x00000004   Data   RW         1896    .data               time_service.o
    0x20000050   0x00000001   Data   RW         1946    .data               uart_handle.o
    0x20000051   0x00000003   PAD
    0x20000054   0x00000240   Zero   RW          672    .bss                main.o
    0x20000294   0x0000024c   Zero   RW         1945    .bss                uart_handle.o
    0x200004e0   0x00000014   Zero   RW         2090    .bss                uart_bus_message_composer.o
    0x200004f4   0x0000000c   Zero   RW         2209    .bss                uart_bus_message_receiver.o
    0x20000500   0x0000020c   Zero   RW         2318    .bss                uart_bus_message_sender.o
    0x2000070c   0x00000004   PAD
    0x20000710   0x00001400   Zero   RW            1    STACK               startup_stm32f303xc.o


==============================================================================

Image component sizes


      Code (inc. data)   RO Data    RW Data    ZI Data      Debug   Object Name

        28          0          0          0          0     306928   bootloader_common.o
         0          0          0          0          0        688   flasher_milandr1986ve91t.o
       628          0         36          0          0      11516   flasher_stm32f30x.o
      1024         10          0          0          0      12104   loader.o
      1168        148         56          8        576      64054   main.o
        36          8        392          0       5120        824   startup_stm32f303xc.o
       416         72          0          0          0      24111   stm32f30x_flash.o
       716         80          0          0          0       6873   stm32f30x_gpio.o
       124         66          0          0          0        622   stm32f30x_misc.o
      1664        104          0         48          0      21912   stm32f30x_rcc.o
       504         80          0          0          0      11469   stm32f30x_usart.o
       352         20          0         20          0       1337   system_stm32f30x_hse_12.o
         0          0          0          0          0     287536   system_stm32f30x_hse_8.o
       132         12          0          4          0      27849   time_service.o
        72         14          4          0         20       7048   uart_bus_message_composer.o
       252         14          4          0         12      11454   uart_bus_message_receiver.o
       382         20        114          0        524       8927   uart_bus_message_sender.o
      2638         80        148          1        588      48031   uart_handle.o
        62          0          0          0          0        897   umba_crc16.o
       100          4          0          0          0        997   umba_crc32.o
        56          0          0          0          0        892   umba_crc8.o

    ----------------------------------------------------------------------
     10364        732        788         84       6844     856069   Object Totals
         0          0         32          0          0          0   (incl. Generated)
        10          0          2          3          4          0   (incl. Padding)

    ----------------------------------------------------------------------

      Code (inc. data)   RO Data    RW Data    ZI Data      Debug   Library Member Name

        16          0          0          0          0         68   cxa_guard_acquire.o
         6          0          0          0          0         68   pure_virt.o
        32         10          0          0          0         80   cpp_init.o
         2          0          0          0          0         68   cpp_signal.o
         0          0          0          0          0          0   entry.o
         0          0          0          0          0          0   entry10a.o
         0          0          0          0          0          0   entry11a.o
         8          4          0          0          0          0   entry2.o
         4          0          0          0          0          0   entry5.o
         0          0          0          0          0          0   entry7b.o
         4          0          0          0          0          0   entry8a.o
         0          0          0          0          0          0   entry8b.o
         8          4          0          0          0          0   entry9a.o
        30          0          0          0          0          0   handlers.o
        36          8          0          0          0         68   init.o
        26          0          0          0          0         80   memcmp.o
        36          0          0          0          0         68   memcpya.o
        36          0          0          0          0        108   memseta.o

    ----------------------------------------------------------------------
       248         26          0          0          0        608   Library Totals
         4          0          0          0          0          0   (incl. Padding)

    ----------------------------------------------------------------------

      Code (inc. data)   RO Data    RW Data    ZI Data      Debug   Library Name

        22          0          0          0          0        136   cpprt_w.l
       222         26          0          0          0        472   mc_w.l

    ----------------------------------------------------------------------
       248         26          0          0          0        608   Library Totals

    ----------------------------------------------------------------------

==============================================================================


      Code (inc. data)   RO Data    RW Data    ZI Data      Debug   

     10612        758        788         84       6844     850369   Grand Totals
     10612        758        788         84       6844     850369   ELF Image Totals
     10612        758        788         84          0          0   ROM Totals

==============================================================================

    Total RO  Size (Code + RO Data)                11400 (  11.13kB)
    Total RW  Size (RW Data + ZI Data)              6928 (   6.77kB)
    Total ROM Size (Code + RO Data + RW Data)      11484 (  11.21kB)

==============================================================================

